###############################################################################
#
# IAR ELF Linker V9.20.4.327/W64 for ARM                  25/May/2022  14:17:28
# Copyright 2007-2022 IAR Systems AB.
#
#    Output file  =
#        C:\Users\svenm\Documents\Studium\6.Semester\Embedded
#        Systems\_Sven\TrafficLightControl\Debug\Exe\TrafficLightControl.out
#    Map file     =
#        C:\Users\svenm\Documents\Studium\6.Semester\Embedded
#        Systems\_Sven\TrafficLightControl\Debug\List\TrafficLightControl.map
#    Command line =
#        -f "C:\Users\svenm\Documents\Studium\6.Semester\Embedded
#        Systems\_Sven\TrafficLightControl\Debug\Exe\TrafficLightControl.out.rsp"
#        ("C:\Users\svenm\Documents\Studium\6.Semester\Embedded
#        Systems\_Sven\TrafficLightControl\Debug\Obj\active.o"
#        "C:\Users\svenm\Documents\Studium\6.Semester\Embedded
#        Systems\_Sven\TrafficLightControl\Debug\Obj\Aus.o"
#        "C:\Users\svenm\Documents\Studium\6.Semester\Embedded
#        Systems\_Sven\TrafficLightControl\Debug\Obj\flashing.o"
#        "C:\Users\svenm\Documents\Studium\6.Semester\Embedded
#        Systems\_Sven\TrafficLightControl\Debug\Obj\GPIO.o"
#        "C:\Users\svenm\Documents\Studium\6.Semester\Embedded
#        Systems\_Sven\TrafficLightControl\Debug\Obj\Green.o"
#        "C:\Users\svenm\Documents\Studium\6.Semester\Embedded
#        Systems\_Sven\TrafficLightControl\Debug\Obj\LightControl.o"
#        "C:\Users\svenm\Documents\Studium\6.Semester\Embedded
#        Systems\_Sven\TrafficLightControl\Debug\Obj\main.o"
#        "C:\Users\svenm\Documents\Studium\6.Semester\Embedded
#        Systems\_Sven\TrafficLightControl\Debug\Obj\Red.o"
#        "C:\Users\svenm\Documents\Studium\6.Semester\Embedded
#        Systems\_Sven\TrafficLightControl\Debug\Obj\RedYellow.o"
#        "C:\Users\svenm\Documents\Studium\6.Semester\Embedded
#        Systems\_Sven\TrafficLightControl\Debug\Obj\state.o"
#        "C:\Users\svenm\Documents\Studium\6.Semester\Embedded
#        Systems\_Sven\TrafficLightControl\Debug\Obj\TrafficLight.o"
#        "C:\Users\svenm\Documents\Studium\6.Semester\Embedded
#        Systems\_Sven\TrafficLightControl\Debug\Obj\UserButtons.o"
#        "C:\Users\svenm\Documents\Studium\6.Semester\Embedded
#        Systems\_Sven\TrafficLightControl\Debug\Obj\UserLEDs.o"
#        "C:\Users\svenm\Documents\Studium\6.Semester\Embedded
#        Systems\_Sven\TrafficLightControl\Debug\Obj\Yellow.o"
#        --no_out_extension -o
#        "C:\Users\svenm\Documents\Studium\6.Semester\Embedded
#        Systems\_Sven\TrafficLightControl\Debug\Exe\TrafficLightControl.out"
#        --redirect _Printf=_PrintfFullNoMb --redirect _Scanf=_ScanfFullNoMb
#        --map "C:\Users\svenm\Documents\Studium\6.Semester\Embedded
#        Systems\_Sven\TrafficLightControl\Debug\List\TrafficLightControl.map"
#        --config "C:\Program Files\IAR Systems\Embedded Workbench
#        9.0\arm\config\linker\ST\stm32f401xE.icf" --semihosting --entry
#        __iar_program_start --vfe --text_out locale)
#
###############################################################################

*******************************************************************************
*** RUNTIME MODEL ATTRIBUTES
***

CppFlavor                     = *
__CPP_Exceptions              = Disabled
__CPP_Language                = C++14
__CPP_Library                 = DLib
__CPP_Runtime                 = 1
__Heap_Handler                = Basic
__SystemLibrary               = DLib
__dlib_dynamic_initialization = normal
__dlib_version                = 6


*******************************************************************************
*** HEAP SELECTION
***

The basic heap was selected because some modules are built with
size limitations (and not runtime checking), and --advanced_heap
was not specified.


*******************************************************************************
*** PLACEMENT SUMMARY
***

"A0":  place at address 0x800'0000 { ro section .intvec };
"P1":  place in [from 0x800'0000 to 0x807'ffff] { ro };
define block CSTACK with size = 8K, alignment = 8 { };
define block HEAP with size = 8K, alignment = 8 { };
"P2":  place in [from 0x2000'0000 to 0x2001'7fff] {
          rw, block CSTACK, block HEAP };
initialize by copy { rw };

  Section                Kind         Address    Size  Object
  -------                ----         -------    ----  ------
"A0":                                            0x40
  .intvec                ro code   0x800'0000    0x40  vector_table_M.o [6]
                                 - 0x800'0040    0x40

"P1":                                          0x1824
  .text                  ro code   0x800'0040   0x1b2  active.o [1]
  .text                  ro code   0x800'01f2     0x8  active.o [1]
  .text                  ro code   0x800'01fa     0x4  active.o [1]
  .text                  ro code   0x800'01fe    0x72  active.o [1]
  .text                  ro code   0x800'0270     0x4  active.o [1]
  .text                  ro code   0x800'0274     0x8  active.o [1]
  .text                  ro code   0x800'027c     0x4  active.o [1]
  .text                  ro code   0x800'0280     0x6  active.o [1]
  .text                  ro code   0x800'0286     0x6  active.o [1]
  .text                  ro code   0x800'028c     0x4  active.o [1]
  .text                  ro code   0x800'0290    0x32  active.o [1]
  .text                  ro code   0x800'02c2    0x12  active.o [1]
  .text                  ro code   0x800'02d4     0xa  active.o [1]
  .text                  ro code   0x800'02de     0x8  active.o [1]
  .text                  ro code   0x800'02e6    0x28  active.o [1]
  .text                  ro code   0x800'030e     0xe  active.o [1]
  .text                  ro code   0x800'031c    0x36  strlen.o [6]
  .text                  ro code   0x800'0352     0x8  active.o [1]
  .text                  ro code   0x800'035a    0x14  active.o [1]
  .text                  ro code   0x800'036e     0x4  active.o [1]
  .text                  ro code   0x800'0372    0x54  active.o [1]
  .text                  ro code   0x800'03c6    0x18  active.o [1]
  .text                  ro code   0x800'03de     0xe  active.o [1]
  .text                  ro code   0x800'03ec     0x4  active.o [1]
  .text                  ro code   0x800'03f0     0x4  active.o [1]
  .text                  ro code   0x800'03f4    0x18  active.o [1]
  .text                  ro code   0x800'040c     0x8  active.o [1]
  .text                  ro code   0x800'0414    0x28  active.o [1]
  .text                  ro code   0x800'043c     0xa  active.o [1]
  .text                  ro code   0x800'0446    0x14  active.o [1]
  .text                  ro code   0x800'045a    0x2a  copy_init3.o [6]
  .text                  ro code   0x800'0484   0x100  ios.o [3]
  .text                  ro code   0x800'0584     0x8  active.o [1]
  .text                  ro code   0x800'058c    0x54  active.o [1]
  .text                  ro code   0x800'05e0     0x8  active.o [1]
  .text                  ro code   0x800'05e8     0x6  abort.o [2]
  .text                  ro code   0x800'05ee     0x4  delop4_0.o [4]
  .text                  ro code   0x800'05f2    0x48  active.o [1]
  .text                  ro code   0x800'063a    0x46  active.o [1]
  .text                  ro code   0x800'0680    0x14  exit.o [7]
  .text                  ro code   0x800'0694     0xa  delop_0.o [4]
  .text                  ro code   0x800'069e     0x6  iostream_cout.o [3]
  .text                  ro code   0x800'06a4    0x7c  iarttio.o [7]
  .text                  ro code   0x800'0720     0x4  heaptramp0.o [2]
  .text                  ro code   0x800'0724     0x8  XShttio.o [2]
  .text                  ro code   0x800'072c   0x13c  heap0.o [2]
  .text                  ro code   0x800'0868    0x2c  xgetmemchunk.o [2]
  .text                  ro code   0x800'0894   0x198  TrafficLight.o [1]
  .text                  ro code   0x800'0a2c   0x162  GPIO.o [1]
  .text                  ro code   0x800'0b8e     0x2  iostream_cout.o [3]
  .text                  ro code   0x800'0b90    0xe2  UserButtons.o [1]
  .text                  ro code   0x800'0c72     0x6  UserButtons.o [1]
  .text                  ro code   0x800'0c78    0xa0  cppinit.o [2]
  .text                  ro code   0x800'0d18    0x9a  flashing.o [1]
  .text                  ro code   0x800'0db2     0x6  active.o [1]
  .text                  ro code   0x800'0db8    0x24  newop_0.o [4]
  .text                  ro code   0x800'0ddc    0x18  Aus.o [1]
  .text                  ro code   0x800'0df4    0x18  flashing.o [1]
  .text                  ro code   0x800'0e0c    0x18  flashing.o [1]
  .text                  ro code   0x800'0e24    0x20  flashing.o [1]
  .text                  ro code   0x800'0e44     0x4  nomemory.o [4]
  .text                  ro code   0x800'0e48    0x8c  UserLEDs.o [1]
  .text                  ro code   0x800'0ed4    0x90  iostream_cout.o [3]
  .text                  ro code   0x800'0f64    0x5c  iostream_cout.o [3]
  .text                  ro code   0x800'0fc0     0xa  cxxabi.o [4]
  .text                  ro code   0x800'0fca    0x76  active.o [1]
  .text                  ro code   0x800'1040    0x76  ABImemcpy_unaligned.o [6]
  .text                  ro code   0x800'10b6     0x2  iostream_cout.o [3]
  .text                  ro code   0x800'10b8    0x72  active.o [1]
  .text                  ro code   0x800'112a     0x2  vectortrap_M.o [6]
  .text                  ro code   0x800'112c    0x10  active.o [1]
  .text                  ro code   0x800'113c    0x5e  iostream_cout.o [3]
  .rodata                const     0x800'119a     0x1  unwind_debug.o [7]
  .text                  ro code   0x800'119c    0x54  TrafficLight.o [1]
  .text                  ro code   0x800'11f0     0xa  TrafficLight.o [1]
  .text                  ro code   0x800'11fc    0x4e  Aus.o [1]
  .text                  ro code   0x800'124c    0x4e  Green.o [1]
  .text                  ro code   0x800'129c    0x4e  Red.o [1]
  .text                  ro code   0x800'12ec    0x18  Red.o [1]
  .text                  ro code   0x800'1304    0x4e  RedYellow.o [1]
  .text                  ro code   0x800'1354    0x18  RedYellow.o [1]
  .text                  ro code   0x800'136c    0x4e  Yellow.o [1]
  .rodata                const     0x800'13bc    0x44  iostream_cout.o [3]
  .rodata                const     0x800'1400    0x44  iostream_cout.o [3]
  .text                  ro code   0x800'1444    0x38  iostream_cout.o [3]
  .text                  ro code   0x800'147c    0x20  putchar.o [2]
  .text                  ro code   0x800'149c    0x10  write.o [7]
  .text                  ro code   0x800'14ac    0x1e  dwrite.o [7]
  .text                  ro code   0x800'14ca    0x20  iarwstd.o [7]
  .text                  ro code   0x800'14ea    0x22  iarwrite.o [7]
  .text                  ro code   0x800'150c    0x38  zero_init3.o [6]
  .text                  ro code   0x800'1544    0x2e  active.o [1]
  .text                  ro code   0x800'1572    0x12  active.o [1]
  .text                  ro code   0x800'1584    0x20  active.o [1]
  .text                  ro code   0x800'15a4     0x6  active.o [1]
  .text                  ro code   0x800'15ac    0x18  active.o [1]
  .text                  ro code   0x800'15c4     0x8  active.o [1]
  .text                  ro code   0x800'15cc     0xc  active.o [1]
  .rodata                const     0x800'15d8    0x28  iostream_cout.o [3]
  .text                  ro code   0x800'1600    0x28  data_init.o [6]
  .text                  ro code   0x800'1628    0x26  main.o [1]
  .text                  ro code   0x800'164e    0x16  main.o [1]
  .text                  ro code   0x800'1664    0x22  fpinit_M.o [5]
  .iar.init_table        const     0x800'1688    0x28  - Linker created -
  .text                  ro code   0x800'16b0    0x20  cmain_call_ctors.o [6]
  .text                  ro code   0x800'16d0    0x1e  cmain.o [6]
  .text                  ro code   0x800'16ee     0x4  low_level_init.o [2]
  .text                  ro code   0x800'16f2     0x4  exit.o [2]
  .text                  ro code   0x800'16f8     0xe  cexit.o [6]
  .text                  ro code   0x800'1708    0x1c  cstartup_M.o [6]
  .text                  ro code   0x800'1724    0x14  iostream_cout.o [3]
  .rodata                const     0x800'1738    0x10  active.o [1]
  .rodata                const     0x800'1748    0x10  active.o [1]
  .rodata                const     0x800'1758    0x10  active.o [1]
  .rodata                const     0x800'1768    0x10  active.o [1]
  .rodata                const     0x800'1778    0x10  Aus.o [1]
  .rodata                const     0x800'1788    0x10  flashing.o [1]
  .rodata                const     0x800'1798    0x10  flashing.o [1]
  .rodata                const     0x800'17a8    0x10  Green.o [1]
  .rodata                const     0x800'17b8    0x10  Red.o [1]
  .rodata                const     0x800'17c8    0x10  RedYellow.o [1]
  .rodata                const     0x800'17d8    0x10  RedYellow.o [1]
  .rodata                const     0x800'17e8    0x10  Yellow.o [1]
  .rodata                const     0x800'17f8    0x10  ios.o [3]
  .rodata                const     0x800'1808    0x10  iostream_cout.o [3]
  .text                  ro code   0x800'1818     0xe  iostream_cout.o [3]
  .rodata                const     0x800'1828     0xc  Green.o [1]
  .rodata                const     0x800'1834     0xc  Yellow.o [1]
  .rodata                const     0x800'1840     0x8  Aus.o [1]
  .rodata                const     0x800'1848     0x8  Red.o [1]
  SHT$$PREINIT_ARRAY               0x800'1850     0x4  <Block>
    .preinit_array       const     0x800'1850     0x4  iostream_cout.o [3]
  SHT$$INIT_ARRAY                  0x800'1854     0x4  <Block>
    .init_array          const     0x800'1854     0x4  ios.o [3]
  __iar_tls$$INIT_ARRAY            0x800'1858     0x0  <Block>
  Initializer bytes      const     0x800'1858     0x8  <for P2-1>
  .text                  ro code   0x800'1860     0x4  iostream_cout.o [3]
  .text                  ro code   0x800'1864     0x0  cstart_call_dtors.o [6]
  .rodata                const     0x800'1864     0x0  zero_init3.o [6]
  .rodata                const     0x800'1864     0x0  copy_init3.o [6]
                                 - 0x800'1864  0x1824

"P2", part 1 of 3:                                0x8
  P2-1                            0x2000'0000     0x8  <Init block>
    .data                inited   0x2000'0000     0x8  XShttio.o [2]
                                - 0x2000'0008     0x8

"P2", part 2 of 3:                               0xd4
  .bss                   zero     0x2000'0008    0x70  iostream_cout.o [3]
  .bss                   zero     0x2000'0078    0x34  ios.o [3]
  .bss                   zero     0x2000'00ac     0x4  active.o [1]
  .bss                   zero     0x2000'00b0    0x10  ios.o [3]
  .bss                   zero     0x2000'00c0     0x8  heap0.o [2]
  .bss                   zero     0x2000'00c8     0x4  cppinit.o [2]
  .bss                   zero     0x2000'00cc     0x4  cppinit.o [2]
  .bss                   zero     0x2000'00d0     0x4  new.o [4]
  .bss                   zero     0x2000'00d4     0x4  xgetmemchunk.o [2]
  .bss                   zero     0x2000'00d8     0x1  active.o [1]
                                - 0x2000'00d9    0xd1

"P2", part 3 of 3:                             0x419c
  .iar.dynexit                    0x2000'00dc   0x198  <Block>
    .iar.dynexit         uninit   0x2000'00dc     0xc  cppinit.o [2]
    .iar.dynexit         uninit   0x2000'00e8   0x18c  <Block tail>
  CSTACK                          0x2000'0278  0x2000  <Block>
    CSTACK               uninit   0x2000'0278  0x2000  <Block tail>
  HEAP                            0x2000'2278  0x2000  <Block>
    HEAP                 uninit   0x2000'2278  0x2000  <Block tail>
                                - 0x2000'4278  0x419c

Unused ranges:

         From           To      Size
         ----           --      ----
   0x800'1864   0x807'ffff  0x7'e79c
  0x2000'4278  0x2001'7fff  0x1'3d88


*******************************************************************************
*** INIT TABLE
***

          Address      Size
          -------      ----
Zero (__iar_zero_init3)
    1 destination range, total size 0xd1:
          0x2000'0008  0xd1

Copy (__iar_copy_init3)
    1 source range, total size 0x8:
           0x800'1858   0x8
    1 destination range, total size 0x8:
          0x2000'0000   0x8

Extra (__iar_cstart_call_ctors)



*******************************************************************************
*** MODULE SUMMARY
***

    Module                 ro code  ro data  rw data
    ------                 -------  -------  -------
command line/config:
    ------------------------------------------------
    Total:

C:\Users\svenm\Documents\Studium\6.Semester\Embedded Systems\_Sven\TrafficLightControl\Debug\Obj: [1]
    Aus.o                      102       24
    GPIO.o                     354
    Green.o                     78       28
    Red.o                      102       24
    RedYellow.o                102       32
    TrafficLight.o             502
    UserButtons.o              232
    UserLEDs.o                 140
    Yellow.o                    78       28
    active.o                 1'638       64        5
    flashing.o                 234       32
    main.o                      60
    ------------------------------------------------
    Total:                   3'622      232        5

dl7M_tln.a: [2]
    XShttio.o                    8        8        8
    abort.o                      6
    cppinit.o                  160                20
    exit.o                       4
    heap0.o                    316                 8
    heaptramp0.o                 4
    low_level_init.o             4
    putchar.o                   32
    xgetmemchunk.o              44                 4
    ------------------------------------------------
    Total:                     578        8       40

dlpp7M_tl_nc.a: [3]
    ios.o                      256       20       68
    iostream_cout.o            434      196      112
    ------------------------------------------------
    Total:                     690      216      180

dlpprt7M_tl_nc.a: [4]
    cxxabi.o                    10
    delop4_0.o                   4
    delop_0.o                   10
    new.o                                          4
    newop_0.o                   36
    nomemory.o                   4
    ------------------------------------------------
    Total:                      64                 4

m7M_tls.a: [5]
    fpinit_M.o                  34
    ------------------------------------------------
    Total:                      34

rt7M_tl.a: [6]
    ABImemcpy_unaligned.o      118
    cexit.o                     14
    cmain.o                     30
    cmain_call_ctors.o          32
    copy_init3.o                42
    cstart_call_dtors.o
    cstartup_M.o                28
    data_init.o                 40
    strlen.o                    54
    vector_table_M.o            64
    vectortrap_M.o               2
    zero_init3.o                56
    ------------------------------------------------
    Total:                     480

shb_l.a: [7]
    dwrite.o                    30
    exit.o                      20
    iarttio.o                  124
    iarwrite.o                  34
    iarwstd.o                   32
    unwind_debug.o                        1
    write.o                     16
    ------------------------------------------------
    Total:                     256        1

    Gaps                        17        6
    Linker created                       40   16'780
----------------------------------------------------
    Grand Total:             5'741      503   17'009


*******************************************************************************
*** ENTRY LIST
***

Entry                       Address   Size  Type      Object
-----                       -------   ----  ----      ------
.iar.dynexit$$Base      0x2000'00dc          --   Gb  - Linker created -
.iar.dynexit$$Limit     0x2000'0274          --   Gb  - Linker created -
.iar.init_table$$Base    0x800'1688          --   Gb  - Linker created -
.iar.init_table$$Limit   0x800'16b0          --   Gb  - Linker created -
?main                    0x800'16d1         Code  Gb  cmain.o [6]
Aldata                  0x2000'00c0    0x8  Data  Lc  heap0.o [2]
Aus::Aus()               0x800'0ddd   0x18  Code  Wk  Aus.o [1]
Aus::Handle()            0x800'11fd   0x2c  Code  Gb  Aus.o [1]
Aus::nextstate()         0x800'1235   0x16  Code  Gb  Aus.o [1]
BusFault_Handler         0x800'112b         Code  Wk  vectortrap_M.o [6]
CSTACK$$Base            0x2000'0278          --   Gb  - Linker created -
CSTACK$$Limit           0x2000'2278          --   Gb  - Linker created -
DebugMon_Handler         0x800'112b         Code  Wk  vectortrap_M.o [6]
DtorRecArray            0x2000'00dc    0xc  Data  Lc  cppinit.o [2]
GPIO::GPIO(unsigned int)
                         0x800'0a2d   0xae  Code  Gb  GPIO.o [1]
GPIO::delete_bit(unsigned int)
                         0x800'0b69   0x26  Code  Gb  GPIO.o [1]
GPIO::select_datadirection(unsigned char, bool)
                         0x800'0af9   0x48  Code  Gb  GPIO.o [1]
GPIO::set_bit(unsigned int)
                         0x800'0b41   0x28  Code  Gb  GPIO.o [1]
Green::Handle()          0x800'124d   0x2c  Code  Gb  Green.o [1]
Green::nextstate()       0x800'1285   0x16  Code  Gb  Green.o [1]
HEAP$$Base              0x2000'2278          --   Gb  - Linker created -
HEAP$$Limit             0x2000'4278          --   Gb  - Linker created -
HardFault_Handler        0x800'112b         Code  Wk  vectortrap_M.o [6]
Initialization guard variable for std::ctype<char> const & std::use_facet<std::ctype<char>>()::_MyFacet
                        0x2000'00d8    0x1  Data  Wk  active.o [1]
MemManage_Handler        0x800'112b         Code  Wk  vectortrap_M.o [6]
NMI_Handler              0x800'112b         Code  Wk  vectortrap_M.o [6]
PendSV_Handler           0x800'112b         Code  Wk  vectortrap_M.o [6]
Red::Handle()            0x800'129d   0x2c  Code  Gb  Red.o [1]
Red::Red()               0x800'0e0d   0x18  Code  Wk  flashing.o [1]
Red::nextstate()         0x800'12d5   0x16  Code  Gb  Red.o [1]
RedYellow::Handle()      0x800'1305   0x2c  Code  Gb  RedYellow.o [1]
RedYellow::nextstate()   0x800'133d   0x16  Code  Gb  RedYellow.o [1]
Region$$Table$$Base      0x800'1688          --   Gb  - Linker created -
Region$$Table$$Limit     0x800'16b0          --   Gb  - Linker created -
SHT$$INIT_ARRAY$$Base    0x800'1854          --   Gb  - Linker created -
SHT$$INIT_ARRAY$$Limit   0x800'1858          --   Gb  - Linker created -
SHT$$PREINIT_ARRAY$$Base
                         0x800'1850          --   Gb  - Linker created -
SHT$$PREINIT_ARRAY$$Limit
                         0x800'1854          --   Gb  - Linker created -
SVC_Handler              0x800'112b         Code  Wk  vectortrap_M.o [6]
SysTick_Handler          0x800'112b         Code  Wk  vectortrap_M.o [6]
TrafficLight::Handle()   0x800'119d   0x54  Code  Gb  TrafficLight.o [1]
UsageFault_Handler       0x800'112b         Code  Wk  vectortrap_M.o [6]
UserButtons::UserButtons()
                         0x800'0b91   0x10  Code  Gb  UserButtons.o [1]
UserButtons::getButton()
                         0x800'0bc9   0xaa  Code  Gb  UserButtons.o [1]
UserButtons::getPinB3()
                         0x800'0ba5   0x12  Code  Gb  UserButtons.o [1]
UserButtons::getPinB5()
                         0x800'0bb7   0x12  Code  Gb  UserButtons.o [1]
UserLEDs::UserLEDs()     0x800'0e49   0x40  Code  Gb  UserLEDs.o [1]
UserLEDs::amberLED(bool)
                         0x800'0ea5   0x18  Code  Gb  UserLEDs.o [1]
UserLEDs::greenLED(bool)
                         0x800'0ebd   0x18  Code  Gb  UserLEDs.o [1]
UserLEDs::redLED(bool)   0x800'0e8d   0x18  Code  Gb  UserLEDs.o [1]
Virtual function table for Green
                         0x800'17a8   0x10  Data  Wk  Green.o [1]
Virtual function table for Red
                         0x800'17b8   0x10  Data  Wk  Red.o [1]
Virtual function table for RedYellow
                         0x800'17c8   0x10  Data  Wk  RedYellow.o [1]
Virtual function table for Yellow
                         0x800'17e8   0x10  Data  Wk  Yellow.o [1]
Virtual function table for active
                         0x800'1748   0x10  Data  Wk  active.o [1]
Virtual function table for flashing
                         0x800'1788   0x10  Data  Wk  flashing.o [1]
Virtual function table for std::_Wrap_facet<std::ctype<char>>
                         0x800'1758   0x10  Data  Wk  active.o [1]
Virtual function table for std::ios_base
                         0x800'17f8   0x10  Data  Wk  ios.o [3]
Yellow::Handle()         0x800'136d   0x2c  Code  Gb  Yellow.o [1]
Yellow::Yellow()         0x800'0df5   0x18  Code  Wk  flashing.o [1]
Yellow::nextstate()      0x800'13a5   0x16  Code  Gb  Yellow.o [1]
[local to ios_cpp]::std::stdopens
                        0x2000'0078    0xc  Data  Lc  ios.o [3]
[local to ios_cpp]::std::stdstr
                        0x2000'0084   0x28  Data  Lc  ios.o [3]
[local to iostream_cout_cpp]::std::__iarcoutguard
                        0x2000'0034    0x1  Data  Lc  iostream_cout.o [3]
[local to iostream_cout_cpp]::std::fout
                        0x2000'0038   0x40  Data  Lc  iostream_cout.o [3]
__aeabi_atexit           0x800'0fc1    0xa  Code  Gb  cxxabi.o [4]
__basic_free             0x800'07d9   0x16  Code  Gb  heap0.o [2]
__basic_free_intern      0x800'07ef   0x74  Code  Lc  heap0.o [2]
__basic_malloc           0x800'072d   0x18  Code  Gb  heap0.o [2]
__basic_malloc_intern    0x800'0745   0x94  Code  Lc  heap0.o [2]
__call_ctors             0x800'0c79   0x18  Code  Gb  cppinit.o [2]
__call_dtors             0x800'0cc7    0xc  Code  Gb  cppinit.o [2]
__call_dtors0            0x800'0cd3   0x36  Code  Gb  cppinit.o [2]
__cexit_call_dtors       0x800'16fb         Code  Gb  cexit.o [6]
__cmain                  0x800'16d1         Code  Gb  cmain.o [6]
__cstart_call_dtors      0x800'1864         Data  Gb  cstart_call_dtors.o [6]
__cxa_atexit             0x800'0c91   0x36  Code  Gb  cppinit.o [2]
__data_GetMemChunk       0x800'0869   0x2c  Code  Gb  xgetmemchunk.o [2]
__data_GetMemChunk::start
                        0x2000'00d4    0x4  Data  Lc  xgetmemchunk.o [2]
__dso_handle            0x2000'00cc    0x4  Data  Gb  cppinit.o [2]
__dwrite                 0x800'14ad   0x1e  Code  Gb  dwrite.o [7]
__exit                   0x800'0681   0x14  Code  Gb  exit.o [7]
__iar_close_ttio         0x800'06a5   0x2c  Code  Gb  iarttio.o [7]
__iar_copy_init3         0x800'045b   0x2a  Code  Gb  copy_init3.o [6]
__iar_cstart_call_ctors
                         0x800'16b1   0x20  Code  Gb  cmain_call_ctors.o [6]
__iar_data_init3         0x800'1601   0x28  Code  Gb  data_init.o [6]
__iar_debug_exceptions   0x800'119a    0x1  Data  Gb  unwind_debug.o [7]
__iar_get_ttio           0x800'06d1   0x4c  Code  Gb  iarttio.o [7]
__iar_init_vfp           0x800'1665         Code  Gb  fpinit_M.o [5]
__iar_lookup_ttioh       0x800'0725    0x8  Code  Gb  XShttio.o [2]
__iar_program_start      0x800'1709         Code  Gb  cstartup_M.o [6]
__iar_sh_stdout          0x800'14cb   0x20  Code  Gb  iarwstd.o [7]
__iar_sh_write           0x800'14eb   0x22  Code  Gb  iarwrite.o [7]
__iar_tls$$INIT_ARRAY$$Base
                         0x800'1858          --   Gb  - Linker created -
__iar_tls$$INIT_ARRAY$$Limit
                         0x800'1858          --   Gb  - Linker created -
__iar_ttio_handles      0x2000'0000    0x8  Data  Lc  XShttio.o [2]
__iar_unaligned_memcpy   0x800'1041         Code  Gb  ABImemcpy_unaligned.o [6]
__iar_unaligned_memcpy4
                         0x800'1061         Code  Gb  ABImemcpy_unaligned.o [6]
__iar_unaligned_memcpy8
                         0x800'1061         Code  Gb  ABImemcpy_unaligned.o [6]
__iar_zero_init3         0x800'150d   0x38  Code  Gb  zero_init3.o [6]
__low_level_init         0x800'16ef    0x4  Code  Gb  low_level_init.o [2]
__sti__routine           0x800'0487    0xa  Code  Lc  ios.o [3]
__sti__routine           0x800'0ed5   0x90  Code  Lc  iostream_cout.o [3]
__vector_table           0x800'0000         Data  Gb  vector_table_M.o [6]
__write                  0x800'149d   0x10  Code  Gb  write.o [7]
_call_main               0x800'16dd         Code  Gb  cmain.o [6]
_exit                    0x800'16f9         Code  Gb  cexit.o [6]
abort                    0x800'05e9    0x6  Code  Gb  abort.o [2]
active::Handle()         0x800'10b9   0x50  Code  Gb  active.o [1]
active::nextstate()      0x800'1115   0x16  Code  Gb  active.o [1]
exit                     0x800'16f3    0x4  Code  Gb  exit.o [2]
flashing::Handle()       0x800'0d19   0x5e  Code  Gb  flashing.o [1]
flashing::flashing()     0x800'112d   0x10  Code  Wk  active.o [1]
flashing::nextstate()    0x800'0d85   0x2e  Code  Gb  flashing.o [1]
free                     0x800'0721    0x4  Code  Gb  heaptramp0.o [2]
main                     0x800'1629   0x26  Code  Gb  main.o [1]
next_abi_dtor_rec       0x2000'00c8    0x4  Data  Lc  cppinit.o [2]
operator delete (void *)
                         0x800'0695    0xa  Code  Gb  delop_0.o [4]
operator delete (void *, unsigned int)
                         0x800'05ef    0x4  Code  Gb  delop4_0.o [4]
operator new (unsigned int)
                         0x800'0db9   0x24  Code  Gb  newop_0.o [4]
putchar                  0x800'147d   0x20  Code  Gb  putchar.o [2]
std::_Fpz               0x2000'00b0   0x10  Data  Gb  ios.o [3]
std::_NomemoryNothrow()
                         0x800'0e45    0x4  Code  Gb  nomemory.o [4]
std::__iar_New_hand     0x2000'00d0    0x4  Data  Gb  new.o [4]
std::__nobasic_filebuf<char, std::char_traits<char>>::overflow(int)
                         0x800'1445   0x38  Code  Wk  iostream_cout.o [3]
std::char_traits<char>::eq_int_type(int const &, int const &)
                         0x800'02c3   0x12  Code  Wk  active.o [1]
std::cout               0x2000'0008   0x2c  Data  Gb  iostream_cout.o [3]
std::ctype<char> const & std::use_facet<std::ctype<char>>()::_MyFacet
                        0x2000'00ac    0x4  Data  Wk  active.o [1]
std::ios::fill() const   0x800'0287    0x6  Code  Wk  active.o [1]
std::ios::rdbuf() const
                         0x800'028d    0x4  Code  Wk  active.o [1]
std::ios::setstate(std::_Iosb<int>::_Iostate, bool)
                         0x800'02e7   0x28  Code  Wk  active.o [1]
std::ios_base::_Addstd(std::ios_base*)
                         0x800'04f1   0x32  Code  Gb  ios.o [3]
std::ios_base::_Callfns(std::ios_base::event)
                         0x800'04d5   0x1c  Code  Gb  ios.o [3]
std::ios_base::_Init()   0x800'0531   0x1c  Code  Gb  ios.o [3]
std::ios_base::_Tidy()   0x800'054d   0x38  Code  Gb  ios.o [3]
std::ios_base::clear(std::_Iosb<int>::_Iostate, bool)
                         0x800'0491   0x20  Code  Gb  ios.o [3]
std::ios_base::flags() const
                         0x800'027d    0x4  Code  Wk  active.o [1]
std::ios_base::width() const
                         0x800'01fb    0x4  Code  Wk  active.o [1]
std::ios_base::width(int)
                         0x800'02df    0x8  Code  Wk  active.o [1]
std::ios_base::~ios_base()
                         0x800'04b1   0x24  Code  Gb  ios.o [3]
std::ios_base::~ios_base() [subobject]
                         0x800'0485    0x2  Code  Gb  ios.o [3]
std::operator &(std::_Iosb<int>::_Fmtflags, std::_Iosb<int>::_Fmtflags)
                         0x800'0281    0x6  Code  Wk  active.o [1]
std::operator |=(std::_Iosb<int>::_Iostate &, std::_Iosb<int>::_Iostate)
                         0x800'0275    0x8  Code  Wk  active.o [1]
std::ostream & std::endl<char, std::char_traits<char>>(std::ostream &)
                         0x800'1545   0x2e  Code  Wk  active.o [1]
std::ostream & std::operator <<<std::char_traits<char>>(std::ostream &, char const *)
                         0x800'0041  0x1b2  Code  Wk  active.o [1]
std::ostream::_Flush_sentry::operator bool() const
                         0x800'0271    0x4  Code  Wk  active.o [1]
std::ostream::flush()    0x800'0373   0x54  Code  Wk  active.o [1]
std::ostream::operator <<(std::ostream&(*)(std::ostream&))
                         0x800'0db3    0x6  Code  Wk  active.o [1]
std::ostream::sentry::sentry(std::ostream&)
                         0x800'01ff   0x72  Code  Wk  active.o [1]
std::ostream::sentry::~sentry()
                         0x800'030f    0xe  Code  Wk  active.o [1]
std::streambuf::_Lock()
                         0x800'0b8f    0x2  Code  Wk  iostream_cout.o [3]
std::streambuf::_Unlock()
                         0x800'10b7    0x2  Code  Wk  iostream_cout.o [3]
std::streambuf::overflow(int)
                         0x800'069f    0x6  Code  Wk  iostream_cout.o [3]
std::streambuf::sputc(char)
                         0x800'0291   0x32  Code  Wk  active.o [1]
std::streambuf::sync()   0x800'1861    0x4  Code  Wk  iostream_cout.o [3]
std::streambuf::xsputn(char const *, int)
                         0x800'113d   0x5e  Code  Wk  iostream_cout.o [3]
strlen                   0x800'031d         Code  Gb  strlen.o [6]


[1] = C:\Users\svenm\Documents\Studium\6.Semester\Embedded Systems\_Sven\TrafficLightControl\Debug\Obj
[2] = dl7M_tln.a
[3] = dlpp7M_tl_nc.a
[4] = dlpprt7M_tl_nc.a
[5] = m7M_tls.a
[6] = rt7M_tl.a
[7] = shb_l.a

   5'741 bytes of readonly  code memory
     503 bytes of readonly  data memory
  17'009 bytes of readwrite data memory

Errors: none
Warnings: none
