###############################################################################
#
# IAR ELF Linker V9.20.4.327/W64 for ARM                  03/Jun/2022  22:29:57
# Copyright 2007-2022 IAR Systems AB.
#
#    Output file  =
#        C:\Users\svenm\Documents\Studium\6.Semester\Embedded
#        Systems\TrafficLight_StandNiklas\Debug\Exe\TrafficLightControl.out
#    Map file     =
#        C:\Users\svenm\Documents\Studium\6.Semester\Embedded
#        Systems\TrafficLight_StandNiklas\Debug\List\TrafficLightControl.map
#    Command line =
#        -f "C:\Users\svenm\Documents\Studium\6.Semester\Embedded
#        Systems\TrafficLight_StandNiklas\Debug\Exe\TrafficLightControl.out.rsp"
#        ("C:\Users\svenm\Documents\Studium\6.Semester\Embedded
#        Systems\TrafficLight_StandNiklas\Debug\Obj\active.o"
#        "C:\Users\svenm\Documents\Studium\6.Semester\Embedded
#        Systems\TrafficLight_StandNiklas\Debug\Obj\Amber.o"
#        "C:\Users\svenm\Documents\Studium\6.Semester\Embedded
#        Systems\TrafficLight_StandNiklas\Debug\Obj\flashing.o"
#        "C:\Users\svenm\Documents\Studium\6.Semester\Embedded
#        Systems\TrafficLight_StandNiklas\Debug\Obj\GPIO.o"
#        "C:\Users\svenm\Documents\Studium\6.Semester\Embedded
#        Systems\TrafficLight_StandNiklas\Debug\Obj\Green.o"
#        "C:\Users\svenm\Documents\Studium\6.Semester\Embedded
#        Systems\TrafficLight_StandNiklas\Debug\Obj\HardwareOutput.o"
#        "C:\Users\svenm\Documents\Studium\6.Semester\Embedded
#        Systems\TrafficLight_StandNiklas\Debug\Obj\LightControl.o"
#        "C:\Users\svenm\Documents\Studium\6.Semester\Embedded
#        Systems\TrafficLight_StandNiklas\Debug\Obj\main.o"
#        "C:\Users\svenm\Documents\Studium\6.Semester\Embedded
#        Systems\TrafficLight_StandNiklas\Debug\Obj\Off.o"
#        "C:\Users\svenm\Documents\Studium\6.Semester\Embedded
#        Systems\TrafficLight_StandNiklas\Debug\Obj\OutputFormat.o"
#        "C:\Users\svenm\Documents\Studium\6.Semester\Embedded
#        Systems\TrafficLight_StandNiklas\Debug\Obj\Red.o"
#        "C:\Users\svenm\Documents\Studium\6.Semester\Embedded
#        Systems\TrafficLight_StandNiklas\Debug\Obj\RedAmber.o"
#        "C:\Users\svenm\Documents\Studium\6.Semester\Embedded
#        Systems\TrafficLight_StandNiklas\Debug\Obj\SoftwareOutput.o"
#        "C:\Users\svenm\Documents\Studium\6.Semester\Embedded
#        Systems\TrafficLight_StandNiklas\Debug\Obj\state.o"
#        "C:\Users\svenm\Documents\Studium\6.Semester\Embedded
#        Systems\TrafficLight_StandNiklas\Debug\Obj\TrafficLight.o"
#        "C:\Users\svenm\Documents\Studium\6.Semester\Embedded
#        Systems\TrafficLight_StandNiklas\Debug\Obj\UserButtons.o"
#        "C:\Users\svenm\Documents\Studium\6.Semester\Embedded
#        Systems\TrafficLight_StandNiklas\Debug\Obj\UserLEDs.o"
#        --no_out_extension -o
#        "C:\Users\svenm\Documents\Studium\6.Semester\Embedded
#        Systems\TrafficLight_StandNiklas\Debug\Exe\TrafficLightControl.out"
#        --redirect _Printf=_PrintfFullNoMb --redirect _Scanf=_ScanfFullNoMb
#        --map "C:\Users\svenm\Documents\Studium\6.Semester\Embedded
#        Systems\TrafficLight_StandNiklas\Debug\List\TrafficLightControl.map"
#        --config "C:\Program Files\IAR Systems\Embedded Workbench
#        9.0\arm\config\linker\ST\stm32f401xE.icf" --semihosting --entry
#        __iar_program_start --vfe --text_out locale)
#
###############################################################################

*******************************************************************************
*** RUNTIME MODEL ATTRIBUTES
***

CppFlavor                     = *
__CPP_Exceptions              = Disabled
__CPP_Language                = C++14
__CPP_Library                 = DLib
__CPP_Runtime                 = 1
__Heap_Handler                = Basic
__SystemLibrary               = DLib
__dlib_dynamic_initialization = normal
__dlib_version                = 6


*******************************************************************************
*** HEAP SELECTION
***

The basic heap was selected because some modules are built with
size limitations (and not runtime checking), and --advanced_heap
was not specified.


*******************************************************************************
*** PLACEMENT SUMMARY
***

"A0":  place at address 0x800'0000 { ro section .intvec };
"P1":  place in [from 0x800'0000 to 0x807'ffff] { ro };
define block CSTACK with size = 8K, alignment = 8 { };
define block HEAP with size = 8K, alignment = 8 { };
"P2":  place in [from 0x2000'0000 to 0x2001'7fff] {
          rw, block CSTACK, block HEAP };
initialize by copy { rw };

  Section                Kind         Address    Size  Object
  -------                ----         -------    ----  ------
"A0":                                            0x40
  .intvec                ro code   0x800'0000    0x40  vector_table_M.o [6]
                                 - 0x800'0040    0x40

"P1":                                          0x1318
  .text                  ro code   0x800'0040   0x13c  heap0.o [2]
  .text                  ro code   0x800'017c    0x2c  xgetmemchunk.o [2]
  .text                  ro code   0x800'01a8   0x118  active.o [1]
  .text                  ro code   0x800'02c0    0x36  strlen.o [6]
  .text                  ro code   0x800'02f6    0x44  active.o [1]
  .text                  ro code   0x800'033a    0x26  active.o [1]
  .text                  ro code   0x800'0360    0x1c  active.o [1]
  .text                  ro code   0x800'037c    0x76  active.o [1]
  .text                  ro code   0x800'03f2    0x5c  active.o [1]
  .text                  ro code   0x800'044e    0xd0  active.o [1]
  .text                  ro code   0x800'051e    0x2a  copy_init3.o [6]
  .text                  ro code   0x800'0548   0x100  ios.o [3]
  .text                  ro code   0x800'0648     0x6  abort.o [2]
  .text                  ro code   0x800'064e     0x4  delop4_0.o [4]
  .text                  ro code   0x800'0652     0x6  iostream_cout.o [3]
  .text                  ro code   0x800'0658    0x14  exit.o [7]
  .text                  ro code   0x800'066c     0xa  delop_0.o [4]
  .text                  ro code   0x800'0676     0x2  iostream_cout.o [3]
  .text                  ro code   0x800'0678    0x7c  iarttio.o [7]
  .text                  ro code   0x800'06f4     0x4  heaptramp0.o [2]
  .text                  ro code   0x800'06f8     0x8  XShttio.o [2]
  .text                  ro code   0x800'0700    0xd4  GPIO.o [1]
  .text                  ro code   0x800'07d4    0xa0  cppinit.o [2]
  .text                  ro code   0x800'0874    0x90  iostream_cout.o [3]
  .text                  ro code   0x800'0904    0x5c  iostream_cout.o [3]
  .text                  ro code   0x800'0960     0xa  cxxabi.o [4]
  .text                  ro code   0x800'096a     0x2  iostream_cout.o [3]
  .text                  ro code   0x800'096c    0x76  ABImemcpy_unaligned.o [6]
  .text                  ro code   0x800'09e2     0x2  vectortrap_M.o [6]
  .text                  ro code   0x800'09e4    0x70  active.o [1]
  .text                  ro code   0x800'0a54    0x24  newop_0.o [4]
  .text                  ro code   0x800'0a78    0x3c  Red.o [1]
  .text                  ro code   0x800'0ab4    0x28  active.o [1]
  .text                  ro code   0x800'0adc    0x58  UserButtons.o [1]
  .text                  ro code   0x800'0b34     0x4  nomemory.o [4]
  .text                  ro code   0x800'0b38    0x40  UserLEDs.o [1]
  .text                  ro code   0x800'0b78    0x5e  iostream_cout.o [3]
  .rodata                const     0x800'0bd6     0x1  unwind_debug.o [7]
  .text                  ro code   0x800'0bd8    0x50  flashing.o [1]
  .text                  ro code   0x800'0c28    0x40  Off.o [1]
  .text                  ro code   0x800'0c68    0x3c  Amber.o [1]
  .text                  ro code   0x800'0ca4    0x4a  TrafficLight.o [1]
  .text                  ro code   0x800'0cee    0x48  active.o [1]
  .rodata                const     0x800'0d38    0x44  iostream_cout.o [3]
  .rodata                const     0x800'0d7c    0x44  iostream_cout.o [3]
  .text                  ro code   0x800'0dc0    0x3c  Green.o [1]
  .text                  ro code   0x800'0dfc    0x3c  RedAmber.o [1]
  .text                  ro code   0x800'0e38    0x38  iostream_cout.o [3]
  .text                  ro code   0x800'0e70    0x20  putchar.o [2]
  .text                  ro code   0x800'0e90    0x10  write.o [7]
  .text                  ro code   0x800'0ea0    0x1e  dwrite.o [7]
  .text                  ro code   0x800'0ebe    0x20  iarwstd.o [7]
  .text                  ro code   0x800'0ede    0x22  iarwrite.o [7]
  .text                  ro code   0x800'0f00    0x38  zero_init3.o [6]
  .text                  ro code   0x800'0f38    0x34  active.o [1]
  .rodata                const     0x800'0f6c    0x28  iostream_cout.o [3]
  .text                  ro code   0x800'0f94    0x28  active.o [1]
  .text                  ro code   0x800'0fbc    0x28  flashing.o [1]
  .text                  ro code   0x800'0fe4    0x28  data_init.o [6]
  .text                  ro code   0x800'100c    0x26  main.o [1]
  .text                  ro code   0x800'1034    0x24  SoftwareOutput.o [1]
  .text                  ro code   0x800'1058    0x20  main.o [1]
  .text                  ro code   0x800'1078    0x22  fpinit_M.o [5]
  .iar.init_table        const     0x800'109c    0x28  - Linker created -
  .text                  ro code   0x800'10c4    0x20  cmain_call_ctors.o [6]
  .text                  ro code   0x800'10e4    0x1e  cmain.o [6]
  .text                  ro code   0x800'1102     0x4  low_level_init.o [2]
  .text                  ro code   0x800'1106     0x4  exit.o [2]
  .text                  ro code   0x800'110c     0xe  cexit.o [6]
  .rodata                const     0x800'111c    0x1c  SoftwareOutput.o [1]
  .text                  ro code   0x800'1138    0x1c  SoftwareOutput.o [1]
  .text                  ro code   0x800'1154    0x1c  SoftwareOutput.o [1]
  .text                  ro code   0x800'1170    0x1c  SoftwareOutput.o [1]
  .text                  ro code   0x800'118c    0x1c  SoftwareOutput.o [1]
  .text                  ro code   0x800'11a8    0x1c  SoftwareOutput.o [1]
  .text                  ro code   0x800'11c4    0x1c  cstartup_M.o [6]
  .rodata                const     0x800'11e0    0x14  SoftwareOutput.o [1]
  .text                  ro code   0x800'11f4    0x14  iostream_cout.o [3]
  .rodata                const     0x800'1208    0x10  active.o [1]
  .rodata                const     0x800'1218    0x10  active.o [1]
  .rodata                const     0x800'1228    0x10  active.o [1]
  .rodata                const     0x800'1238    0x10  Amber.o [1]
  .rodata                const     0x800'1248    0x10  flashing.o [1]
  .rodata                const     0x800'1258    0x10  flashing.o [1]
  .rodata                const     0x800'1268    0x10  Green.o [1]
  .rodata                const     0x800'1278    0x10  Off.o [1]
  .rodata                const     0x800'1288    0x10  Red.o [1]
  .rodata                const     0x800'1298    0x10  RedAmber.o [1]
  .rodata                const     0x800'12a8    0x10  SoftwareOutput.o [1]
  .rodata                const     0x800'12b8    0x10  SoftwareOutput.o [1]
  .rodata                const     0x800'12c8    0x10  SoftwareOutput.o [1]
  .rodata                const     0x800'12d8    0x10  ios.o [3]
  .rodata                const     0x800'12e8    0x10  iostream_cout.o [3]
  .text                  ro code   0x800'12f8     0xe  iostream_cout.o [3]
  .rodata                const     0x800'1308     0xc  SoftwareOutput.o [1]
  .text                  ro code   0x800'1314     0xc  Amber.o [1]
  .text                  ro code   0x800'1320     0xc  Green.o [1]
  .text                  ro code   0x800'132c     0xc  Red.o [1]
  .text                  ro code   0x800'1338     0xc  RedAmber.o [1]
  SHT$$PREINIT_ARRAY               0x800'1344     0x4  <Block>
    .preinit_array       const     0x800'1344     0x4  iostream_cout.o [3]
  SHT$$INIT_ARRAY                  0x800'1348     0x4  <Block>
    .init_array          const     0x800'1348     0x4  ios.o [3]
  __iar_tls$$INIT_ARRAY            0x800'134c     0x0  <Block>
  Initializer bytes      const     0x800'134c     0x8  <for P2-1>
  .text                  ro code   0x800'1354     0x4  iostream_cout.o [3]
  .text                  ro code   0x800'1358     0x0  cstart_call_dtors.o [6]
  .rodata                const     0x800'1358     0x0  zero_init3.o [6]
  .rodata                const     0x800'1358     0x0  copy_init3.o [6]
                                 - 0x800'1358  0x1318

"P2", part 1 of 3:                                0x8
  P2-1                            0x2000'0000     0x8  <Init block>
    .data                inited   0x2000'0000     0x8  XShttio.o [2]
                                - 0x2000'0008     0x8

"P2", part 2 of 3:                              0x110
  .bss                   zero     0x2000'0008    0x70  iostream_cout.o [3]
  .bss                   zero     0x2000'0078    0x34  ios.o [3]
  .bss                   zero     0x2000'00ac     0x4  active.o [1]
  .bss                   zero     0x2000'00b0    0x10  ios.o [3]
  .bss                   zero     0x2000'00c0     0x8  active.o [1]
  .bss                   zero     0x2000'00c8     0x8  Amber.o [1]
  .bss                   zero     0x2000'00d0     0x8  flashing.o [1]
  .bss                   zero     0x2000'00d8     0x8  Green.o [1]
  .bss                   zero     0x2000'00e0     0x8  Off.o [1]
  .bss                   zero     0x2000'00e8     0x8  Red.o [1]
  .bss                   zero     0x2000'00f0     0x8  RedAmber.o [1]
  .bss                   zero     0x2000'00f8     0x8  heap0.o [2]
  .bss                   zero     0x2000'0100     0x4  SoftwareOutput.o [1]
  .bss                   zero     0x2000'0104     0x4  cppinit.o [2]
  .bss                   zero     0x2000'0108     0x4  cppinit.o [2]
  .bss                   zero     0x2000'010c     0x4  new.o [4]
  .bss                   zero     0x2000'0110     0x4  xgetmemchunk.o [2]
  .bss                   zero     0x2000'0114     0x1  active.o [1]
                                - 0x2000'0115   0x10d

"P2", part 3 of 3:                             0x4198
  .iar.dynexit                    0x2000'0118   0x198  <Block>
    .iar.dynexit         uninit   0x2000'0118     0xc  cppinit.o [2]
    .iar.dynexit         uninit   0x2000'0124   0x18c  <Block tail>
  CSTACK                          0x2000'02b0  0x2000  <Block>
    CSTACK               uninit   0x2000'02b0  0x2000  <Block tail>
  HEAP                            0x2000'22b0  0x2000  <Block>
    HEAP                 uninit   0x2000'22b0  0x2000  <Block tail>
                                - 0x2000'42b0  0x4198

Unused ranges:

         From           To      Size
         ----           --      ----
   0x800'1358   0x807'ffff  0x7'eca8
  0x2000'42b0  0x2001'7fff  0x1'3d50


*******************************************************************************
*** INIT TABLE
***

          Address      Size
          -------      ----
Zero (__iar_zero_init3)
    1 destination range, total size 0x10d:
          0x2000'0008  0x10d

Copy (__iar_copy_init3)
    1 source range, total size 0x8:
           0x800'134c    0x8
    1 destination range, total size 0x8:
          0x2000'0000    0x8

Extra (__iar_cstart_call_ctors)



*******************************************************************************
*** MODULE SUMMARY
***

    Module                 ro code  ro data  rw data
    ------                 -------  -------  -------
command line/config:
    ------------------------------------------------
    Total:

C:\Users\svenm\Documents\Studium\6.Semester\Embedded Systems\TrafficLight_StandNiklas\Debug\Obj: [1]
    Amber.o                     72       16        8
    GPIO.o                     212
    Green.o                     72       16        8
    Off.o                       64       16        8
    Red.o                       72       16        8
    RedAmber.o                  72       16        8
    SoftwareOutput.o           176      108        4
    TrafficLight.o              74
    UserButtons.o               88
    UserLEDs.o                  64
    active.o                 1'148       48       13
    flashing.o                 120       32        8
    main.o                      70
    ------------------------------------------------
    Total:                   2'304      268       65

dl7M_tln.a: [2]
    XShttio.o                    8        8        8
    abort.o                      6
    cppinit.o                  160                20
    exit.o                       4
    heap0.o                    316                 8
    heaptramp0.o                 4
    low_level_init.o             4
    putchar.o                   32
    xgetmemchunk.o              44                 4
    ------------------------------------------------
    Total:                     578        8       40

dlpp7M_tl_nc.a: [3]
    ios.o                      256       20       68
    iostream_cout.o            434      196      112
    ------------------------------------------------
    Total:                     690      216      180

dlpprt7M_tl_nc.a: [4]
    cxxabi.o                    10
    delop4_0.o                   4
    delop_0.o                   10
    new.o                                          4
    newop_0.o                   36
    nomemory.o                   4
    ------------------------------------------------
    Total:                      64                 4

m7M_tls.a: [5]
    fpinit_M.o                  34
    ------------------------------------------------
    Total:                      34

rt7M_tl.a: [6]
    ABImemcpy_unaligned.o      118
    cexit.o                     14
    cmain.o                     30
    cmain_call_ctors.o          32
    copy_init3.o                42
    cstart_call_dtors.o
    cstartup_M.o                28
    data_init.o                 40
    strlen.o                    54
    vector_table_M.o            64
    vectortrap_M.o               2
    zero_init3.o                56
    ------------------------------------------------
    Total:                     480

shb_l.a: [7]
    dwrite.o                    30
    exit.o                      20
    iarttio.o                  124
    iarwrite.o                  34
    iarwstd.o                   32
    unwind_debug.o                        1
    write.o                     16
    ------------------------------------------------
    Total:                     256        1

    Gaps                         5        8
    Linker created                       40   16'780
----------------------------------------------------
    Grand Total:             4'411      541   17'069


*******************************************************************************
*** ENTRY LIST
***

Entry                       Address   Size  Type      Object
-----                       -------   ----  ----      ------
.iar.dynexit$$Base      0x2000'0118          --   Gb  - Linker created -
.iar.dynexit$$Limit     0x2000'02b0          --   Gb  - Linker created -
.iar.init_table$$Base    0x800'109c          --   Gb  - Linker created -
.iar.init_table$$Limit   0x800'10c4          --   Gb  - Linker created -
?main                    0x800'10e5         Code  Gb  cmain.o [6]
Aldata                  0x2000'00f8    0x8  Data  Lc  heap0.o [2]
Amber::GetInstance(OutputFormat *)
                         0x800'0c69   0x28  Code  Gb  Amber.o [1]
Amber::Handle()          0x800'0c91    0xa  Code  Gb  Amber.o [1]
Amber::Instance         0x2000'00c8    0x4  Data  Gb  Amber.o [1]
Amber::myOutputFormatAmber
                        0x2000'00cc    0x4  Data  Gb  Amber.o [1]
Amber::nextstate()       0x800'1315    0xc  Code  Wk  Amber.o [1]
BusFault_Handler         0x800'09e3         Code  Wk  vectortrap_M.o [6]
CSTACK$$Base            0x2000'02b0          --   Gb  - Linker created -
CSTACK$$Limit           0x2000'22b0          --   Gb  - Linker created -
DebugMon_Handler         0x800'09e3         Code  Wk  vectortrap_M.o [6]
DtorRecArray            0x2000'0118    0xc  Data  Lc  cppinit.o [2]
GPIO::GPIO(unsigned int)
                         0x800'0701   0x78  Code  Gb  GPIO.o [1]
GPIO::select_datadirection(unsigned char, bool)
                         0x800'0799   0x3c  Code  Gb  GPIO.o [1]
Green::GetInstance(OutputFormat *)
                         0x800'0dc1   0x28  Code  Gb  Green.o [1]
Green::Handle()          0x800'0de9    0xa  Code  Gb  Green.o [1]
Green::Instance         0x2000'00d8    0x4  Data  Gb  Green.o [1]
Green::myOutputFormatGreen
                        0x2000'00dc    0x4  Data  Gb  Green.o [1]
Green::nextstate()       0x800'1321    0xc  Code  Wk  Green.o [1]
HEAP$$Base              0x2000'22b0          --   Gb  - Linker created -
HEAP$$Limit             0x2000'42b0          --   Gb  - Linker created -
HardFault_Handler        0x800'09e3         Code  Wk  vectortrap_M.o [6]
Initialization guard variable for std::ctype<char> const & std::use_facet<std::ctype<char>>()::_MyFacet
                        0x2000'0114    0x1  Data  Wk  active.o [1]
MemManage_Handler        0x800'09e3         Code  Wk  vectortrap_M.o [6]
NMI_Handler              0x800'09e3         Code  Wk  vectortrap_M.o [6]
Off::GetInstance(OutputFormat *)
                         0x800'0c29   0x28  Code  Gb  Off.o [1]
Off::Handle()            0x800'0c51    0xa  Code  Gb  Off.o [1]
Off::Instance           0x2000'00e0    0x4  Data  Gb  Off.o [1]
Off::myOutputFormatOff  0x2000'00e4    0x4  Data  Gb  Off.o [1]
Off::nextstate()         0x800'0c5b    0x6  Code  Gb  Off.o [1]
PendSV_Handler           0x800'09e3         Code  Wk  vectortrap_M.o [6]
Red::GetInstance(OutputFormat *)
                         0x800'0a79   0x28  Code  Gb  Red.o [1]
Red::Handle()            0x800'0aa1    0xa  Code  Gb  Red.o [1]
Red::Instance           0x2000'00e8    0x4  Data  Gb  Red.o [1]
Red::myOutputFormatRed  0x2000'00ec    0x4  Data  Gb  Red.o [1]
Red::nextstate()         0x800'132d    0xc  Code  Wk  Red.o [1]
RedAmber::GetInstance(OutputFormat *)
                         0x800'0dfd   0x28  Code  Gb  RedAmber.o [1]
RedAmber::Handle()       0x800'0e25    0xa  Code  Gb  RedAmber.o [1]
RedAmber::Instance      0x2000'00f0    0x4  Data  Gb  RedAmber.o [1]
RedAmber::myOutputFormatRedAmber
                        0x2000'00f4    0x4  Data  Gb  RedAmber.o [1]
RedAmber::nextstate()    0x800'1339    0xc  Code  Wk  RedAmber.o [1]
Region$$Table$$Base      0x800'109c          --   Gb  - Linker created -
Region$$Table$$Limit     0x800'10c4          --   Gb  - Linker created -
SHT$$INIT_ARRAY$$Base    0x800'1348          --   Gb  - Linker created -
SHT$$INIT_ARRAY$$Limit   0x800'134c          --   Gb  - Linker created -
SHT$$PREINIT_ARRAY$$Base
                         0x800'1344          --   Gb  - Linker created -
SHT$$PREINIT_ARRAY$$Limit
                         0x800'1348          --   Gb  - Linker created -
SVC_Handler              0x800'09e3         Code  Wk  vectortrap_M.o [6]
SoftwareOutput::GetInstance()
                         0x800'1035   0x24  Code  Gb  SoftwareOutput.o [1]
SoftwareOutput::Instance
                        0x2000'0100    0x4  Data  Gb  SoftwareOutput.o [1]
SoftwareOutput::off()    0x800'11a9   0x1c  Code  Wk  SoftwareOutput.o [1]
SoftwareOutput::setAmber()
                         0x800'1171   0x1c  Code  Wk  SoftwareOutput.o [1]
SoftwareOutput::setGreen()
                         0x800'118d   0x1c  Code  Wk  SoftwareOutput.o [1]
SoftwareOutput::setRed()
                         0x800'1139   0x1c  Code  Wk  SoftwareOutput.o [1]
SoftwareOutput::setRedAmber()
                         0x800'1155   0x1c  Code  Wk  SoftwareOutput.o [1]
SysTick_Handler          0x800'09e3         Code  Wk  vectortrap_M.o [6]
TrafficLight::Handle()   0x800'0ca5   0x4a  Code  Gb  TrafficLight.o [1]
UsageFault_Handler       0x800'09e3         Code  Wk  vectortrap_M.o [6]
UserButtons::getButton()
                         0x800'0add   0x58  Code  Gb  UserButtons.o [1]
UserLEDs::UserLEDs()     0x800'0b39    0x2  Code  Gb  UserLEDs.o [1]
Virtual function table for std::_Wrap_facet<std::ctype<char>>
                         0x800'1218   0x10  Data  Wk  active.o [1]
Virtual function table for std::ios_base
                         0x800'12d8   0x10  Data  Wk  ios.o [3]
[local to ios_cpp]::std::stdopens
                        0x2000'0078    0xc  Data  Lc  ios.o [3]
[local to ios_cpp]::std::stdstr
                        0x2000'0084   0x28  Data  Lc  ios.o [3]
[local to iostream_cout_cpp]::std::__iarcoutguard
                        0x2000'0034    0x1  Data  Lc  iostream_cout.o [3]
[local to iostream_cout_cpp]::std::fout
                        0x2000'0038   0x40  Data  Lc  iostream_cout.o [3]
__aeabi_atexit           0x800'0961    0xa  Code  Gb  cxxabi.o [4]
__basic_free             0x800'00ed   0x16  Code  Gb  heap0.o [2]
__basic_free_intern      0x800'0103   0x74  Code  Lc  heap0.o [2]
__basic_malloc           0x800'0041   0x18  Code  Gb  heap0.o [2]
__basic_malloc_intern    0x800'0059   0x94  Code  Lc  heap0.o [2]
__call_ctors             0x800'07d5   0x18  Code  Gb  cppinit.o [2]
__call_dtors             0x800'0823    0xc  Code  Gb  cppinit.o [2]
__call_dtors0            0x800'082f   0x36  Code  Gb  cppinit.o [2]
__cexit_call_dtors       0x800'110f         Code  Gb  cexit.o [6]
__cmain                  0x800'10e5         Code  Gb  cmain.o [6]
__cstart_call_dtors      0x800'1358         Data  Gb  cstart_call_dtors.o [6]
__cxa_atexit             0x800'07ed   0x36  Code  Gb  cppinit.o [2]
__data_GetMemChunk       0x800'017d   0x2c  Code  Gb  xgetmemchunk.o [2]
__data_GetMemChunk::start
                        0x2000'0110    0x4  Data  Lc  xgetmemchunk.o [2]
__dso_handle            0x2000'0108    0x4  Data  Gb  cppinit.o [2]
__dwrite                 0x800'0ea1   0x1e  Code  Gb  dwrite.o [7]
__exit                   0x800'0659   0x14  Code  Gb  exit.o [7]
__iar_close_ttio         0x800'0679   0x2c  Code  Gb  iarttio.o [7]
__iar_copy_init3         0x800'051f   0x2a  Code  Gb  copy_init3.o [6]
__iar_cstart_call_ctors
                         0x800'10c5   0x20  Code  Gb  cmain_call_ctors.o [6]
__iar_data_init3         0x800'0fe5   0x28  Code  Gb  data_init.o [6]
__iar_debug_exceptions   0x800'0bd6    0x1  Data  Gb  unwind_debug.o [7]
__iar_get_ttio           0x800'06a5   0x4c  Code  Gb  iarttio.o [7]
__iar_init_vfp           0x800'1079         Code  Gb  fpinit_M.o [5]
__iar_lookup_ttioh       0x800'06f9    0x8  Code  Gb  XShttio.o [2]
__iar_program_start      0x800'11c5         Code  Gb  cstartup_M.o [6]
__iar_sh_stdout          0x800'0ebf   0x20  Code  Gb  iarwstd.o [7]
__iar_sh_write           0x800'0edf   0x22  Code  Gb  iarwrite.o [7]
__iar_tls$$INIT_ARRAY$$Base
                         0x800'134c          --   Gb  - Linker created -
__iar_tls$$INIT_ARRAY$$Limit
                         0x800'134c          --   Gb  - Linker created -
__iar_ttio_handles      0x2000'0000    0x8  Data  Lc  XShttio.o [2]
__iar_unaligned_memcpy   0x800'096d         Code  Gb  ABImemcpy_unaligned.o [6]
__iar_unaligned_memcpy4
                         0x800'098d         Code  Gb  ABImemcpy_unaligned.o [6]
__iar_unaligned_memcpy8
                         0x800'098d         Code  Gb  ABImemcpy_unaligned.o [6]
__iar_zero_init3         0x800'0f01   0x38  Code  Gb  zero_init3.o [6]
__low_level_init         0x800'1103    0x4  Code  Gb  low_level_init.o [2]
__sti__routine           0x800'054b    0xa  Code  Lc  ios.o [3]
__sti__routine           0x800'0875   0x90  Code  Lc  iostream_cout.o [3]
__vector_table           0x800'0000         Data  Gb  vector_table_M.o [6]
__write                  0x800'0e91   0x10  Code  Gb  write.o [7]
_call_main               0x800'10f1         Code  Gb  cmain.o [6]
_exit                    0x800'110d         Code  Gb  cexit.o [6]
abort                    0x800'0649    0x6  Code  Gb  abort.o [2]
active::GetInstance(OutputFormat *)
                         0x800'09e5   0x2c  Code  Gb  active.o [1]
active::Handle()         0x800'0a15   0x40  Code  Gb  active.o [1]
active::Instance        0x2000'00c0    0x4  Data  Gb  active.o [1]
active::myOutputFormatActive
                        0x2000'00c4    0x4  Data  Gb  active.o [1]
active::nextstate()      0x800'0f95   0x28  Code  Wk  active.o [1]
exit                     0x800'1107    0x4  Code  Gb  exit.o [2]
flashing::GetInstance(OutputFormat *)
                         0x800'0bd9   0x20  Code  Gb  flashing.o [1]
flashing::Handle()       0x800'0bf9   0x26  Code  Gb  flashing.o [1]
flashing::Instance      0x2000'00d0    0x4  Data  Gb  flashing.o [1]
flashing::myOutputFormatFlashing
                        0x2000'00d4    0x4  Data  Gb  flashing.o [1]
flashing::nextstate()    0x800'0fbd   0x28  Code  Wk  flashing.o [1]
free                     0x800'06f5    0x4  Code  Gb  heaptramp0.o [2]
main                     0x800'100d   0x26  Code  Gb  main.o [1]
next_abi_dtor_rec       0x2000'0104    0x4  Data  Lc  cppinit.o [2]
operator delete (void *)
                         0x800'066d    0xa  Code  Gb  delop_0.o [4]
operator delete (void *, unsigned int)
                         0x800'064f    0x4  Code  Gb  delop4_0.o [4]
operator new (unsigned int)
                         0x800'0a55   0x24  Code  Gb  newop_0.o [4]
putchar                  0x800'0e71   0x20  Code  Gb  putchar.o [2]
std::_Fpz               0x2000'00b0   0x10  Data  Gb  ios.o [3]
std::_NomemoryNothrow()
                         0x800'0b35    0x4  Code  Gb  nomemory.o [4]
std::__iar_New_hand     0x2000'010c    0x4  Data  Gb  new.o [4]
std::__nobasic_filebuf<char, std::char_traits<char>>::overflow(int)
                         0x800'0e39   0x38  Code  Wk  iostream_cout.o [3]
std::cout               0x2000'0008   0x2c  Data  Gb  iostream_cout.o [3]
std::ctype<char> const & std::use_facet<std::ctype<char>>()::_MyFacet
                        0x2000'00ac    0x4  Data  Wk  active.o [1]
std::ios_base::_Addstd(std::ios_base*)
                         0x800'05b5   0x32  Code  Gb  ios.o [3]
std::ios_base::_Callfns(std::ios_base::event)
                         0x800'0599   0x1c  Code  Gb  ios.o [3]
std::ios_base::_Init()   0x800'05f5   0x1c  Code  Gb  ios.o [3]
std::ios_base::_Tidy()   0x800'0611   0x38  Code  Gb  ios.o [3]
std::ios_base::clear(std::_Iosb<int>::_Iostate, bool)
                         0x800'0555   0x20  Code  Gb  ios.o [3]
std::ios_base::~ios_base()
                         0x800'0575   0x24  Code  Gb  ios.o [3]
std::ios_base::~ios_base() [subobject]
                         0x800'0549    0x2  Code  Gb  ios.o [3]
std::ostream & std::endl<char, std::char_traits<char>>(std::ostream &)
                         0x800'0f39   0x34  Code  Wk  active.o [1]
std::ostream & std::operator <<<std::char_traits<char>>(std::ostream &, char const *)
                         0x800'01a9  0x118  Code  Wk  active.o [1]
std::ostream::flush()    0x800'044f   0xd0  Code  Wk  active.o [1]
std::streambuf::_Lock()
                         0x800'0677    0x2  Code  Wk  iostream_cout.o [3]
std::streambuf::_Unlock()
                         0x800'096b    0x2  Code  Wk  iostream_cout.o [3]
std::streambuf::overflow(int)
                         0x800'0653    0x6  Code  Wk  iostream_cout.o [3]
std::streambuf::sync()   0x800'1355    0x4  Code  Wk  iostream_cout.o [3]
std::streambuf::xsputn(char const *, int)
                         0x800'0b79   0x5e  Code  Wk  iostream_cout.o [3]
strlen                   0x800'02c1         Code  Gb  strlen.o [6]


[1] = C:\Users\svenm\Documents\Studium\6.Semester\Embedded Systems\TrafficLight_StandNiklas\Debug\Obj
[2] = dl7M_tln.a
[3] = dlpp7M_tl_nc.a
[4] = dlpprt7M_tl_nc.a
[5] = m7M_tls.a
[6] = rt7M_tl.a
[7] = shb_l.a

   4'411 bytes of readonly  code memory
     541 bytes of readonly  data memory
  17'069 bytes of readwrite data memory

Errors: none
Warnings: none
