###############################################################################
#
# IAR ELF Linker V9.20.4.327/W64 for ARM                  05/Jun/2022  16:29:43
# Copyright 2007-2022 IAR Systems AB.
#
#    Output file  =
#        C:\Users\svenm\Documents\Studium\6.Semester\Embedded
#        Systems\TrafficLight_meinNeusterStand_2\Debug\Exe\TrafficLightControl.out
#    Map file     =
#        C:\Users\svenm\Documents\Studium\6.Semester\Embedded
#        Systems\TrafficLight_meinNeusterStand_2\Debug\List\TrafficLightControl.map
#    Command line =
#        -f "C:\Users\svenm\Documents\Studium\6.Semester\Embedded
#        Systems\TrafficLight_meinNeusterStand_2\Debug\Exe\TrafficLightControl.out.rsp"
#        ("C:\Users\svenm\Documents\Studium\6.Semester\Embedded
#        Systems\TrafficLight_meinNeusterStand_2\Debug\Obj\active.o"
#        "C:\Users\svenm\Documents\Studium\6.Semester\Embedded
#        Systems\TrafficLight_meinNeusterStand_2\Debug\Obj\Amber.o"
#        "C:\Users\svenm\Documents\Studium\6.Semester\Embedded
#        Systems\TrafficLight_meinNeusterStand_2\Debug\Obj\flashing.o"
#        "C:\Users\svenm\Documents\Studium\6.Semester\Embedded
#        Systems\TrafficLight_meinNeusterStand_2\Debug\Obj\GPIO.o"
#        "C:\Users\svenm\Documents\Studium\6.Semester\Embedded
#        Systems\TrafficLight_meinNeusterStand_2\Debug\Obj\Green.o"
#        "C:\Users\svenm\Documents\Studium\6.Semester\Embedded
#        Systems\TrafficLight_meinNeusterStand_2\Debug\Obj\HardwareInput.o"
#        "C:\Users\svenm\Documents\Studium\6.Semester\Embedded
#        Systems\TrafficLight_meinNeusterStand_2\Debug\Obj\HardwareOutput.o"
#        "C:\Users\svenm\Documents\Studium\6.Semester\Embedded
#        Systems\TrafficLight_meinNeusterStand_2\Debug\Obj\InputFormat.o"
#        "C:\Users\svenm\Documents\Studium\6.Semester\Embedded
#        Systems\TrafficLight_meinNeusterStand_2\Debug\Obj\LightControl.o"
#        "C:\Users\svenm\Documents\Studium\6.Semester\Embedded
#        Systems\TrafficLight_meinNeusterStand_2\Debug\Obj\main.o"
#        "C:\Users\svenm\Documents\Studium\6.Semester\Embedded
#        Systems\TrafficLight_meinNeusterStand_2\Debug\Obj\Off.o"
#        "C:\Users\svenm\Documents\Studium\6.Semester\Embedded
#        Systems\TrafficLight_meinNeusterStand_2\Debug\Obj\OutputFormat.o"
#        "C:\Users\svenm\Documents\Studium\6.Semester\Embedded
#        Systems\TrafficLight_meinNeusterStand_2\Debug\Obj\Red.o"
#        "C:\Users\svenm\Documents\Studium\6.Semester\Embedded
#        Systems\TrafficLight_meinNeusterStand_2\Debug\Obj\RedAmber.o"
#        "C:\Users\svenm\Documents\Studium\6.Semester\Embedded
#        Systems\TrafficLight_meinNeusterStand_2\Debug\Obj\SoftwareInput.o"
#        "C:\Users\svenm\Documents\Studium\6.Semester\Embedded
#        Systems\TrafficLight_meinNeusterStand_2\Debug\Obj\SoftwareOutput.o"
#        "C:\Users\svenm\Documents\Studium\6.Semester\Embedded
#        Systems\TrafficLight_meinNeusterStand_2\Debug\Obj\state.o"
#        "C:\Users\svenm\Documents\Studium\6.Semester\Embedded
#        Systems\TrafficLight_meinNeusterStand_2\Debug\Obj\TrafficLight.o"
#        "C:\Users\svenm\Documents\Studium\6.Semester\Embedded
#        Systems\TrafficLight_meinNeusterStand_2\Debug\Obj\UserButtons.o"
#        "C:\Users\svenm\Documents\Studium\6.Semester\Embedded
#        Systems\TrafficLight_meinNeusterStand_2\Debug\Obj\UserLEDs.o"
#        --no_out_extension -o
#        "C:\Users\svenm\Documents\Studium\6.Semester\Embedded
#        Systems\TrafficLight_meinNeusterStand_2\Debug\Exe\TrafficLightControl.out"
#        --redirect _Printf=_PrintfFullNoMb --redirect _Scanf=_ScanfFullNoMb
#        --map "C:\Users\svenm\Documents\Studium\6.Semester\Embedded
#        Systems\TrafficLight_meinNeusterStand_2\Debug\List\TrafficLightControl.map"
#        --config "C:\Program Files\IAR Systems\Embedded Workbench
#        9.0\arm\config\linker\ST\stm32f401xE.icf" --semihosting --entry
#        __iar_program_start --vfe --text_out locale)
#
###############################################################################

*******************************************************************************
*** RUNTIME MODEL ATTRIBUTES
***

CppFlavor                     = *
__CPP_Exceptions              = Disabled
__CPP_Language                = C++14
__CPP_Library                 = DLib
__CPP_Runtime                 = 1
__Heap_Handler                = Basic
__SystemLibrary               = DLib
__dlib_dynamic_initialization = normal
__dlib_version                = 6


*******************************************************************************
*** HEAP SELECTION
***

The basic heap was selected because some modules are built with
size limitations (and not runtime checking), and --advanced_heap
was not specified.


*******************************************************************************
*** PLACEMENT SUMMARY
***

"A0":  place at address 0x800'0000 { ro section .intvec };
"P1":  place in [from 0x800'0000 to 0x807'ffff] { ro };
define block CSTACK with size = 8K, alignment = 8 { };
define block HEAP with size = 8K, alignment = 8 { };
"P2":  place in [from 0x2000'0000 to 0x2001'7fff] {
          rw, block CSTACK, block HEAP };
initialize by copy { rw };

  Section                Kind         Address    Size  Object
  -------                ----         -------    ----  ------
"A0":                                            0x40
  .intvec                ro code   0x800'0000    0x40  vector_table_M.o [6]
                                 - 0x800'0040    0x40

"P1":                                          0x16a0
  .text                  ro code   0x800'0040   0x13c  heap0.o [2]
  .text                  ro code   0x800'017c    0x2c  xgetmemchunk.o [2]
  .text                  ro code   0x800'01a8   0x118  active.o [1]
  .text                  ro code   0x800'02c0    0x36  strlen.o [6]
  .text                  ro code   0x800'02f6    0x44  active.o [1]
  .text                  ro code   0x800'033a    0x26  active.o [1]
  .text                  ro code   0x800'0360    0x1c  active.o [1]
  .text                  ro code   0x800'037c    0x76  active.o [1]
  .text                  ro code   0x800'03f2    0x5c  active.o [1]
  .text                  ro code   0x800'044e    0xd0  active.o [1]
  .text                  ro code   0x800'051e    0x2a  copy_init3.o [6]
  .text                  ro code   0x800'0548   0x100  ios.o [3]
  .text                  ro code   0x800'0648     0x6  abort.o [2]
  .text                  ro code   0x800'064e     0x4  delop4_0.o [4]
  .text                  ro code   0x800'0652    0x22  iostream_cout.o [3]
  .text                  ro code   0x800'0674    0x14  exit.o [7]
  .text                  ro code   0x800'0688     0xa  delop_0.o [4]
  .text                  ro code   0x800'0692     0x6  iostream_cout.o [3]
  .text                  ro code   0x800'0698    0x7c  iarttio.o [7]
  .text                  ro code   0x800'0714     0x4  heaptramp0.o [2]
  .text                  ro code   0x800'0718     0x8  XShttio.o [2]
  .text                  ro code   0x800'0720   0x108  SoftwareInput.o [1]
  .text                  ro code   0x800'0828    0x20  SoftwareInput.o [1]
  .text                  ro code   0x800'0848    0x24  SoftwareInput.o [1]
  .text                  ro code   0x800'086c    0x10  SoftwareInput.o [1]
  .text                  ro code   0x800'087c    0xd4  GPIO.o [1]
  .text                  ro code   0x800'0950    0xa0  cppinit.o [2]
  .text                  ro code   0x800'09f0    0x94  iostream_cin.o [3]
  .text                  ro code   0x800'0a84    0x5c  iostream_cout.o [3]
  .text                  ro code   0x800'0ae0     0xa  cxxabi.o [4]
  .text                  ro code   0x800'0aea     0x6  iostream_cout.o [3]
  .text                  ro code   0x800'0af0    0x90  iostream_cout.o [3]
  .text                  ro code   0x800'0b80    0x76  ABImemcpy_unaligned.o [6]
  .text                  ro code   0x800'0bf6     0x2  iostream_cout.o [3]
  .text                  ro code   0x800'0bf8    0x74  active.o [1]
  .text                  ro code   0x800'0c6c    0x24  newop_0.o [4]
  .text                  ro code   0x800'0c90    0x3c  Red.o [1]
  .text                  ro code   0x800'0ccc    0x10  active.o [1]
  .text                  ro code   0x800'0cdc     0x4  nomemory.o [4]
  .text                  ro code   0x800'0ce0    0x40  UserLEDs.o [1]
  .text                  ro code   0x800'0d20    0x6c  SoftwareInput.o [1]
  .text                  ro code   0x800'0d8c    0x5e  iostream_cout.o [3]
  .text                  ro code   0x800'0dea     0x2  iostream_cout.o [3]
  .text                  ro code   0x800'0dec    0x50  flashing.o [1]
  .text                  ro code   0x800'0e3c    0x40  Off.o [1]
  .text                  ro code   0x800'0e7c    0x3c  Amber.o [1]
  .text                  ro code   0x800'0eb8    0x50  TrafficLight.o [1]
  .text                  ro code   0x800'0f08    0x4a  iostream_cout.o [3]
  .text                  ro code   0x800'0f52     0x2  vectortrap_M.o [6]
  .text                  ro code   0x800'0f54    0x38  getchar.o [2]
  .text                  ro code   0x800'0f8c    0x30  read.o [7]
  .text                  ro code   0x800'0fbc    0x48  active.o [1]
  .rodata                const     0x800'1004    0x44  iostream_cout.o [3]
  .rodata                const     0x800'1048    0x44  iostream_cout.o [3]
  .text                  ro code   0x800'108c    0x3c  Green.o [1]
  .text                  ro code   0x800'10c8    0x3c  RedAmber.o [1]
  .text                  ro code   0x800'1104    0x38  iostream_cout.o [3]
  .text                  ro code   0x800'113c    0x20  putchar.o [2]
  .text                  ro code   0x800'115c    0x10  write.o [7]
  .text                  ro code   0x800'116c    0x1e  dwrite.o [7]
  .text                  ro code   0x800'118a    0x20  iarwstd.o [7]
  .text                  ro code   0x800'11aa    0x22  iarwrite.o [7]
  .text                  ro code   0x800'11cc    0x38  zero_init3.o [6]
  .text                  ro code   0x800'1204    0x34  active.o [1]
  .text                  ro code   0x800'1238    0x34  iostream_cout.o [3]
  .text                  ro code   0x800'126c    0x32  main.o [1]
  .rodata                const     0x800'129e     0x1  unwind_debug.o [7]
  .text                  ro code   0x800'12a0    0x24  SoftwareOutput.o [1]
  .text                  ro code   0x800'12c4    0x24  SoftwareInput.o [1]
  .text                  ro code   0x800'12e8    0x2c  iostream_cout.o [3]
  .rodata                const     0x800'1314    0x28  iostream_cout.o [3]
  .rodata                const     0x800'133c    0x28  iostream_cin.o [3]
  .text                  ro code   0x800'1364    0x28  active.o [1]
  .text                  ro code   0x800'138c    0x28  flashing.o [1]
  .text                  ro code   0x800'13b4    0x28  data_init.o [6]
  .text                  ro code   0x800'13dc    0x22  fpinit_M.o [5]
  .iar.init_table        const     0x800'1400    0x28  - Linker created -
  .text                  ro code   0x800'1428    0x20  cmain_call_ctors.o [6]
  .text                  ro code   0x800'1448    0x1e  cmain.o [6]
  .text                  ro code   0x800'1466     0x4  low_level_init.o [2]
  .text                  ro code   0x800'146a     0x4  exit.o [2]
  .text                  ro code   0x800'1470     0xe  cexit.o [6]
  .rodata                const     0x800'1480    0x1c  SoftwareOutput.o [1]
  .text                  ro code   0x800'149c    0x1c  SoftwareOutput.o [1]
  .text                  ro code   0x800'14b8    0x1c  SoftwareOutput.o [1]
  .text                  ro code   0x800'14d4    0x1c  SoftwareOutput.o [1]
  .text                  ro code   0x800'14f0    0x1c  SoftwareOutput.o [1]
  .text                  ro code   0x800'150c    0x1c  SoftwareOutput.o [1]
  .text                  ro code   0x800'1528    0x1c  cstartup_M.o [6]
  .rodata                const     0x800'1544    0x14  SoftwareOutput.o [1]
  .text                  ro code   0x800'1558    0x14  iostream_cout.o [3]
  .rodata                const     0x800'156c    0x10  active.o [1]
  .rodata                const     0x800'157c    0x10  active.o [1]
  .rodata                const     0x800'158c    0x10  active.o [1]
  .rodata                const     0x800'159c    0x10  Amber.o [1]
  .rodata                const     0x800'15ac    0x10  flashing.o [1]
  .rodata                const     0x800'15bc    0x10  flashing.o [1]
  .rodata                const     0x800'15cc    0x10  Green.o [1]
  .rodata                const     0x800'15dc    0x10  Off.o [1]
  .rodata                const     0x800'15ec    0x10  Red.o [1]
  .rodata                const     0x800'15fc    0x10  RedAmber.o [1]
  .rodata                const     0x800'160c    0x10  SoftwareOutput.o [1]
  .rodata                const     0x800'161c    0x10  SoftwareOutput.o [1]
  .rodata                const     0x800'162c    0x10  SoftwareOutput.o [1]
  .rodata                const     0x800'163c    0x10  ios.o [3]
  .rodata                const     0x800'164c    0x10  iostream_cout.o [3]
  .text                  ro code   0x800'165c    0x10  iostream_cin.o [3]
  .text                  ro code   0x800'166c     0xe  iostream_cout.o [3]
  .rodata                const     0x800'167c     0xc  SoftwareInput.o [1]
  .rodata                const     0x800'1688     0xc  SoftwareOutput.o [1]
  .text                  ro code   0x800'1694     0xc  Amber.o [1]
  .text                  ro code   0x800'16a0     0xc  Green.o [1]
  .text                  ro code   0x800'16ac     0xc  Red.o [1]
  .text                  ro code   0x800'16b8     0xc  RedAmber.o [1]
  SHT$$PREINIT_ARRAY               0x800'16c4     0x8  <Block>
    .preinit_array       const     0x800'16c4     0x4  iostream_cout.o [3]
    .preinit_array       const     0x800'16c8     0x4  iostream_cin.o [3]
  SHT$$INIT_ARRAY                  0x800'16cc     0x4  <Block>
    .init_array          const     0x800'16cc     0x4  ios.o [3]
  __iar_tls$$INIT_ARRAY            0x800'16d0     0x0  <Block>
  Initializer bytes      const     0x800'16d0     0xc  <for P2-1>
  .text                  ro code   0x800'16dc     0x4  iostream_cout.o [3]
  .text                  ro code   0x800'16e0     0x0  cstart_call_dtors.o [6]
  .rodata                const     0x800'16e0     0x0  zero_init3.o [6]
  .rodata                const     0x800'16e0     0x0  copy_init3.o [6]
                                 - 0x800'16e0  0x16a0

"P2", part 1 of 3:                                0xc
  P2-1                            0x2000'0000     0xc  <Init block>
    .data                inited   0x2000'0000     0x4  getchar.o [2]
    .data                inited   0x2000'0004     0x8  XShttio.o [2]
                                - 0x2000'000c     0xc

"P2", part 2 of 3:                              0x190
  .bss                   zero     0x2000'000c    0x70  iostream_cout.o [3]
  .bss                   zero     0x2000'007c    0x70  iostream_cin.o [3]
  .bss                   zero     0x2000'00ec    0x34  ios.o [3]
  .bss                   zero     0x2000'0120     0xc  active.o [1]
  .bss                   zero     0x2000'0130    0x10  ios.o [3]
  .bss                   zero     0x2000'0140     0xc  flashing.o [1]
  .bss                   zero     0x2000'014c     0x8  Amber.o [1]
  .bss                   zero     0x2000'0154     0x8  Green.o [1]
  .bss                   zero     0x2000'015c     0x8  Off.o [1]
  .bss                   zero     0x2000'0164     0x8  Red.o [1]
  .bss                   zero     0x2000'016c     0x8  RedAmber.o [1]
  .bss                   zero     0x2000'0174     0x8  heap0.o [2]
  .bss                   zero     0x2000'017c     0x4  active.o [1]
  .bss                   zero     0x2000'0180     0x4  SoftwareInput.o [1]
  .bss                   zero     0x2000'0184     0x4  SoftwareOutput.o [1]
  .bss                   zero     0x2000'0188     0x4  cppinit.o [2]
  .bss                   zero     0x2000'018c     0x4  cppinit.o [2]
  .bss                   zero     0x2000'0190     0x4  new.o [4]
  .bss                   zero     0x2000'0194     0x4  xgetmemchunk.o [2]
  .bss                   zero     0x2000'0198     0x1  active.o [1]
                                - 0x2000'0199   0x18d

"P2", part 3 of 3:                             0x41a4
  .iar.dynexit                    0x2000'019c   0x1a4  <Block>
    .iar.dynexit         uninit   0x2000'019c     0xc  cppinit.o [2]
    .iar.dynexit         uninit   0x2000'01a8   0x198  <Block tail>
  CSTACK                          0x2000'0340  0x2000  <Block>
    CSTACK               uninit   0x2000'0340  0x2000  <Block tail>
  HEAP                            0x2000'2340  0x2000  <Block>
    HEAP                 uninit   0x2000'2340  0x2000  <Block tail>
                                - 0x2000'4340  0x41a4

Unused ranges:

         From           To      Size
         ----           --      ----
   0x800'16e0   0x807'ffff  0x7'e920
  0x2000'4340  0x2001'7fff  0x1'3cc0


*******************************************************************************
*** INIT TABLE
***

          Address      Size
          -------      ----
Zero (__iar_zero_init3)
    1 destination range, total size 0x18d:
          0x2000'000c  0x18d

Copy (__iar_copy_init3)
    1 source range, total size 0xc:
           0x800'16d0    0xc
    1 destination range, total size 0xc:
          0x2000'0000    0xc

Extra (__iar_cstart_call_ctors)



*******************************************************************************
*** MODULE SUMMARY
***

    Module                 ro code  ro data  rw data
    ------                 -------  -------  -------
command line/config:
    ------------------------------------------------
    Total:

C:\Users\svenm\Documents\Studium\6.Semester\Embedded Systems\TrafficLight_meinNeusterStand_2\Debug\Obj: [1]
    Amber.o                     72       16        8
    GPIO.o                     212
    Green.o                     72       16        8
    Off.o                       64       16        8
    Red.o                       72       16        8
    RedAmber.o                  72       16        8
    SoftwareInput.o            492       12        4
    SoftwareOutput.o           176      108        4
    TrafficLight.o              80
    UserLEDs.o                  64
    active.o                 1'128       48       17
    flashing.o                 120       32       12
    main.o                      50
    ------------------------------------------------
    Total:                   2'674      280       77

dl7M_tln.a: [2]
    XShttio.o                    8        8        8
    abort.o                      6
    cppinit.o                  160                20
    exit.o                       4
    getchar.o                   56        4        4
    heap0.o                    316                 8
    heaptramp0.o                 4
    low_level_init.o             4
    putchar.o                   32
    xgetmemchunk.o              44                 4
    ------------------------------------------------
    Total:                     634       12       44

dlpp7M_tl_nc.a: [3]
    ios.o                      256       20       68
    iostream_cin.o             164       44      112
    iostream_cout.o            644      196      112
    ------------------------------------------------
    Total:                   1'064      260      292

dlpprt7M_tl_nc.a: [4]
    cxxabi.o                    10
    delop4_0.o                   4
    delop_0.o                   10
    new.o                                          4
    newop_0.o                   36
    nomemory.o                   4
    ------------------------------------------------
    Total:                      64                 4

m7M_tls.a: [5]
    fpinit_M.o                  34
    ------------------------------------------------
    Total:                      34

rt7M_tl.a: [6]
    ABImemcpy_unaligned.o      118
    cexit.o                     14
    cmain.o                     30
    cmain_call_ctors.o          32
    copy_init3.o                42
    cstart_call_dtors.o
    cstartup_M.o                28
    data_init.o                 40
    strlen.o                    54
    vector_table_M.o            64
    vectortrap_M.o               2
    zero_init3.o                56
    ------------------------------------------------
    Total:                     480

shb_l.a: [7]
    dwrite.o                    30
    exit.o                      20
    iarttio.o                  124
    iarwrite.o                  34
    iarwstd.o                   32
    read.o                      48
    unwind_debug.o                        1
    write.o                     16
    ------------------------------------------------
    Total:                     304        1

    Gaps                         3        6        4
    Linker created                       40   16'792
----------------------------------------------------
    Grand Total:             5'257      599   17'213


*******************************************************************************
*** ENTRY LIST
***

Entry                       Address   Size  Type      Object
-----                       -------   ----  ----      ------
.iar.dynexit$$Base      0x2000'019c          --   Gb  - Linker created -
.iar.dynexit$$Limit     0x2000'0340          --   Gb  - Linker created -
.iar.init_table$$Base    0x800'1400          --   Gb  - Linker created -
.iar.init_table$$Limit   0x800'1428          --   Gb  - Linker created -
?main                    0x800'1449         Code  Gb  cmain.o [6]
Aldata                  0x2000'0174    0x8  Data  Lc  heap0.o [2]
Amber::GetInstance(OutputFormat *)
                         0x800'0e7d   0x28  Code  Gb  Amber.o [1]
Amber::Handle()          0x800'0ea5    0xa  Code  Gb  Amber.o [1]
Amber::Instance         0x2000'014c    0x4  Data  Gb  Amber.o [1]
Amber::myOutputFormatAmber
                        0x2000'0150    0x4  Data  Gb  Amber.o [1]
Amber::nextstate()       0x800'1695    0xc  Code  Wk  Amber.o [1]
BusFault_Handler         0x800'0f53         Code  Wk  vectortrap_M.o [6]
CSTACK$$Base            0x2000'0340          --   Gb  - Linker created -
CSTACK$$Limit           0x2000'2340          --   Gb  - Linker created -
DebugMon_Handler         0x800'0f53         Code  Wk  vectortrap_M.o [6]
DtorRecArray            0x2000'019c    0xc  Data  Lc  cppinit.o [2]
GPIO::GPIO(unsigned int)
                         0x800'087d   0x78  Code  Gb  GPIO.o [1]
GPIO::select_datadirection(unsigned char, bool)
                         0x800'0915   0x3c  Code  Gb  GPIO.o [1]
Green::GetInstance(OutputFormat *)
                         0x800'108d   0x28  Code  Gb  Green.o [1]
Green::Handle()          0x800'10b5    0xa  Code  Gb  Green.o [1]
Green::Instance         0x2000'0154    0x4  Data  Gb  Green.o [1]
Green::myOutputFormatGreen
                        0x2000'0158    0x4  Data  Gb  Green.o [1]
Green::nextstate()       0x800'16a1    0xc  Code  Wk  Green.o [1]
HEAP$$Base              0x2000'2340          --   Gb  - Linker created -
HEAP$$Limit             0x2000'4340          --   Gb  - Linker created -
HardFault_Handler        0x800'0f53         Code  Wk  vectortrap_M.o [6]
Initialization guard variable for std::ctype<char> const & std::use_facet<std::ctype<char>>()::_MyFacet
                        0x2000'0198    0x1  Data  Wk  active.o [1]
MemManage_Handler        0x800'0f53         Code  Wk  vectortrap_M.o [6]
NMI_Handler              0x800'0f53         Code  Wk  vectortrap_M.o [6]
Off::GetInstance(OutputFormat *)
                         0x800'0e3d   0x28  Code  Gb  Off.o [1]
Off::Handle()            0x800'0e65    0xa  Code  Gb  Off.o [1]
Off::Instance           0x2000'015c    0x4  Data  Gb  Off.o [1]
Off::myOutputFormatOff  0x2000'0160    0x4  Data  Gb  Off.o [1]
Off::nextstate()         0x800'0e6f    0x6  Code  Gb  Off.o [1]
PendSV_Handler           0x800'0f53         Code  Wk  vectortrap_M.o [6]
Red::GetInstance(OutputFormat *)
                         0x800'0c91   0x28  Code  Gb  Red.o [1]
Red::Handle()            0x800'0cb9    0xa  Code  Gb  Red.o [1]
Red::Instance           0x2000'0164    0x4  Data  Gb  Red.o [1]
Red::myOutputFormatRed  0x2000'0168    0x4  Data  Gb  Red.o [1]
Red::nextstate()         0x800'16ad    0xc  Code  Wk  Red.o [1]
RedAmber::GetInstance(OutputFormat *)
                         0x800'10c9   0x28  Code  Gb  RedAmber.o [1]
RedAmber::Handle()       0x800'10f1    0xa  Code  Gb  RedAmber.o [1]
RedAmber::Instance      0x2000'016c    0x4  Data  Gb  RedAmber.o [1]
RedAmber::myOutputFormatRedAmber
                        0x2000'0170    0x4  Data  Gb  RedAmber.o [1]
RedAmber::nextstate()    0x800'16b9    0xc  Code  Wk  RedAmber.o [1]
Region$$Table$$Base      0x800'1400          --   Gb  - Linker created -
Region$$Table$$Limit     0x800'1428          --   Gb  - Linker created -
SHT$$INIT_ARRAY$$Base    0x800'16cc          --   Gb  - Linker created -
SHT$$INIT_ARRAY$$Limit   0x800'16d0          --   Gb  - Linker created -
SHT$$PREINIT_ARRAY$$Base
                         0x800'16c4          --   Gb  - Linker created -
SHT$$PREINIT_ARRAY$$Limit
                         0x800'16cc          --   Gb  - Linker created -
SVC_Handler              0x800'0f53         Code  Wk  vectortrap_M.o [6]
SoftwareInput::GetInstance()
                         0x800'12c5   0x24  Code  Gb  SoftwareInput.o [1]
SoftwareInput::Instance
                        0x2000'0180    0x4  Data  Gb  SoftwareInput.o [1]
SoftwareInput::getButton()
                         0x800'0d21   0x6c  Code  Wk  SoftwareInput.o [1]
SoftwareOutput::GetInstance()
                         0x800'12a1   0x24  Code  Gb  SoftwareOutput.o [1]
SoftwareOutput::Instance
                        0x2000'0184    0x4  Data  Gb  SoftwareOutput.o [1]
SoftwareOutput::off()    0x800'150d   0x1c  Code  Wk  SoftwareOutput.o [1]
SoftwareOutput::setAmber()
                         0x800'14d5   0x1c  Code  Wk  SoftwareOutput.o [1]
SoftwareOutput::setGreen()
                         0x800'14f1   0x1c  Code  Wk  SoftwareOutput.o [1]
SoftwareOutput::setRed()
                         0x800'149d   0x1c  Code  Wk  SoftwareOutput.o [1]
SoftwareOutput::setRedAmber()
                         0x800'14b9   0x1c  Code  Wk  SoftwareOutput.o [1]
SysTick_Handler          0x800'0f53         Code  Wk  vectortrap_M.o [6]
TrafficLight::Handle()   0x800'0eb9   0x50  Code  Gb  TrafficLight.o [1]
UsageFault_Handler       0x800'0f53         Code  Wk  vectortrap_M.o [6]
UserLEDs::UserLEDs()     0x800'0ce1    0x2  Code  Gb  UserLEDs.o [1]
Virtual function table for std::_Wrap_facet<std::ctype<char>>
                         0x800'157c   0x10  Data  Wk  active.o [1]
Virtual function table for std::ios
                         0x800'164c   0x10  Data  Wk  iostream_cout.o [3]
Virtual function table for std::ios_base
                         0x800'163c   0x10  Data  Wk  ios.o [3]
[local to ios_cpp]::std::stdopens
                        0x2000'00ec    0xc  Data  Lc  ios.o [3]
[local to ios_cpp]::std::stdstr
                        0x2000'00f8   0x28  Data  Lc  ios.o [3]
[local to iostream_cin_cpp]::std::fin
                        0x2000'00ac   0x40  Data  Lc  iostream_cin.o [3]
[local to iostream_cout_cpp]::std::__iarcoutguard
                        0x2000'0038    0x1  Data  Lc  iostream_cout.o [3]
[local to iostream_cout_cpp]::std::fout
                        0x2000'003c   0x40  Data  Lc  iostream_cout.o [3]
_UngetChar              0x2000'0000    0x4  Data  Lc  getchar.o [2]
__aeabi_atexit           0x800'0ae1    0xa  Code  Gb  cxxabi.o [4]
__basic_free             0x800'00ed   0x16  Code  Gb  heap0.o [2]
__basic_free_intern      0x800'0103   0x74  Code  Lc  heap0.o [2]
__basic_malloc           0x800'0041   0x18  Code  Gb  heap0.o [2]
__basic_malloc_intern    0x800'0059   0x94  Code  Lc  heap0.o [2]
__call_ctors             0x800'0951   0x18  Code  Gb  cppinit.o [2]
__call_dtors             0x800'099f    0xc  Code  Gb  cppinit.o [2]
__call_dtors0            0x800'09ab   0x36  Code  Gb  cppinit.o [2]
__cexit_call_dtors       0x800'1473         Code  Gb  cexit.o [6]
__cmain                  0x800'1449         Code  Gb  cmain.o [6]
__cstart_call_dtors      0x800'16e0         Data  Gb  cstart_call_dtors.o [6]
__cxa_atexit             0x800'0969   0x36  Code  Gb  cppinit.o [2]
__data_GetMemChunk       0x800'017d   0x2c  Code  Gb  xgetmemchunk.o [2]
__data_GetMemChunk::start
                        0x2000'0194    0x4  Data  Lc  xgetmemchunk.o [2]
__dso_handle            0x2000'018c    0x4  Data  Gb  cppinit.o [2]
__dwrite                 0x800'116d   0x1e  Code  Gb  dwrite.o [7]
__exit                   0x800'0675   0x14  Code  Gb  exit.o [7]
__iar_close_ttio         0x800'0699   0x2c  Code  Gb  iarttio.o [7]
__iar_copy_init3         0x800'051f   0x2a  Code  Gb  copy_init3.o [6]
__iar_cstart_call_ctors
                         0x800'1429   0x20  Code  Gb  cmain_call_ctors.o [6]
__iar_data_init3         0x800'13b5   0x28  Code  Gb  data_init.o [6]
__iar_debug_exceptions   0x800'129e    0x1  Data  Gb  unwind_debug.o [7]
__iar_get_ttio           0x800'06c5   0x4c  Code  Gb  iarttio.o [7]
__iar_init_vfp           0x800'13dd         Code  Gb  fpinit_M.o [5]
__iar_lookup_ttioh       0x800'0719    0x8  Code  Gb  XShttio.o [2]
__iar_program_start      0x800'1529         Code  Gb  cstartup_M.o [6]
__iar_sh_stdout          0x800'118b   0x20  Code  Gb  iarwstd.o [7]
__iar_sh_write           0x800'11ab   0x22  Code  Gb  iarwrite.o [7]
__iar_tls$$INIT_ARRAY$$Base
                         0x800'16d0          --   Gb  - Linker created -
__iar_tls$$INIT_ARRAY$$Limit
                         0x800'16d0          --   Gb  - Linker created -
__iar_ttio_handles      0x2000'0004    0x8  Data  Lc  XShttio.o [2]
__iar_unaligned_memcpy   0x800'0b81         Code  Gb  ABImemcpy_unaligned.o [6]
__iar_unaligned_memcpy4
                         0x800'0ba1         Code  Gb  ABImemcpy_unaligned.o [6]
__iar_unaligned_memcpy8
                         0x800'0ba1         Code  Gb  ABImemcpy_unaligned.o [6]
__iar_zero_init3         0x800'11cd   0x38  Code  Gb  zero_init3.o [6]
__low_level_init         0x800'1467    0x4  Code  Gb  low_level_init.o [2]
__read                   0x800'0f8d   0x30  Code  Gb  read.o [7]
__sti__routine           0x800'054b    0xa  Code  Lc  ios.o [3]
__sti__routine           0x800'0af1   0x90  Code  Lc  iostream_cout.o [3]
__sti__routine           0x800'09f1   0x94  Code  Lc  iostream_cin.o [3]
__ungetchar              0x800'0f83    0x6  Code  Gb  getchar.o [2]
__vector_table           0x800'0000         Data  Gb  vector_table_M.o [6]
__write                  0x800'115d   0x10  Code  Gb  write.o [7]
_call_main               0x800'1455         Code  Gb  cmain.o [6]
_exit                    0x800'1471         Code  Gb  cexit.o [6]
abort                    0x800'0649    0x6  Code  Gb  abort.o [2]
active::GetInstance(OutputFormat *, InputFormat *)
                         0x800'0bf9   0x2e  Code  Gb  active.o [1]
active::Handle()         0x800'0c27   0x42  Code  Gb  active.o [1]
active::Instance        0x2000'0120    0x4  Data  Gb  active.o [1]
active::myInputFormatActive
                        0x2000'0128    0x4  Data  Gb  active.o [1]
active::myOutputFormatActive
                        0x2000'0124    0x4  Data  Gb  active.o [1]
active::nextstate()      0x800'1365   0x28  Code  Wk  active.o [1]
exit                     0x800'146b    0x4  Code  Gb  exit.o [2]
flashing::GetInstance(OutputFormat *, InputFormat *)
                         0x800'0ded   0x22  Code  Gb  flashing.o [1]
flashing::Handle()       0x800'0e0f   0x26  Code  Gb  flashing.o [1]
flashing::Instance      0x2000'0140    0x4  Data  Gb  flashing.o [1]
flashing::myInputFormatFlashing
                        0x2000'0148    0x4  Data  Gb  flashing.o [1]
flashing::myOutputFormatFlashing
                        0x2000'0144    0x4  Data  Gb  flashing.o [1]
flashing::nextstate()    0x800'138d   0x28  Code  Wk  flashing.o [1]
free                     0x800'0715    0x4  Code  Gb  heaptramp0.o [2]
getchar                  0x800'0f55   0x2e  Code  Gb  getchar.o [2]
main                     0x800'126d   0x32  Code  Gb  main.o [1]
next_abi_dtor_rec       0x2000'0188    0x4  Data  Lc  cppinit.o [2]
operator delete (void *)
                         0x800'0689    0xa  Code  Gb  delop_0.o [4]
operator delete (void *, unsigned int)
                         0x800'064f    0x4  Code  Gb  delop4_0.o [4]
operator new (unsigned int)
                         0x800'0c6d   0x24  Code  Gb  newop_0.o [4]
putchar                  0x800'113d   0x20  Code  Gb  putchar.o [2]
std::_Fpz               0x2000'0130   0x10  Data  Gb  ios.o [3]
std::_NomemoryNothrow()
                         0x800'0cdd    0x4  Code  Gb  nomemory.o [4]
std::__iar_New_hand     0x2000'0190    0x4  Data  Gb  new.o [4]
std::__nobasic_filebuf<char, std::char_traits<char>>::__nobasic_filebuf()
                         0x800'0a85   0x5c  Code  Wk  iostream_cout.o [3]
std::__nobasic_filebuf<char, std::char_traits<char>>::overflow(int)
                         0x800'1105   0x38  Code  Wk  iostream_cout.o [3]
std::__nobasic_filebuf<char, std::char_traits<char>>::uflow()
                         0x800'12e9   0x2c  Code  Wk  iostream_cout.o [3]
std::cin                0x2000'007c   0x30  Data  Gb  iostream_cin.o [3]
std::cout               0x2000'000c   0x2c  Data  Gb  iostream_cout.o [3]
std::ctype<char> const & std::use_facet<std::ctype<char>>()::_MyFacet
                        0x2000'017c    0x4  Data  Wk  active.o [1]
std::ios::setstate(std::_Iosb<int>::_Iostate, bool)
                         0x800'0361   0x1c  Code  Wk  active.o [1]
std::ios_base::_Addstd(std::ios_base*)
                         0x800'05b5   0x32  Code  Gb  ios.o [3]
std::ios_base::_Callfns(std::ios_base::event)
                         0x800'0599   0x1c  Code  Gb  ios.o [3]
std::ios_base::_Init()   0x800'05f5   0x1c  Code  Gb  ios.o [3]
std::ios_base::_Tidy()   0x800'0611   0x38  Code  Gb  ios.o [3]
std::ios_base::clear(std::_Iosb<int>::_Iostate, bool)
                         0x800'0555   0x20  Code  Gb  ios.o [3]
std::ios_base::~ios_base()
                         0x800'0575   0x24  Code  Gb  ios.o [3]
std::ios_base::~ios_base() [subobject]
                         0x800'0549    0x2  Code  Gb  ios.o [3]
std::ostream & std::endl<char, std::char_traits<char>>(std::ostream &)
                         0x800'1205   0x34  Code  Wk  active.o [1]
std::ostream & std::operator <<<std::char_traits<char>>(std::ostream &, char const *)
                         0x800'01a9  0x118  Code  Wk  active.o [1]
std::ostream::flush()    0x800'044f   0xd0  Code  Wk  active.o [1]
std::streambuf::_Lock()
                         0x800'0bf7    0x2  Code  Wk  iostream_cout.o [3]
std::streambuf::_Unlock()
                         0x800'0deb    0x2  Code  Wk  iostream_cout.o [3]
std::streambuf::overflow(int)
                         0x800'0693    0x6  Code  Wk  iostream_cout.o [3]
std::streambuf::sync()   0x800'16dd    0x4  Code  Wk  iostream_cout.o [3]
std::streambuf::uflow()
                         0x800'0653   0x22  Code  Wk  iostream_cout.o [3]
std::streambuf::xsputn(char const *, int)
                         0x800'0d8d   0x5e  Code  Wk  iostream_cout.o [3]
strlen                   0x800'02c1         Code  Gb  strlen.o [6]


[1] = C:\Users\svenm\Documents\Studium\6.Semester\Embedded Systems\TrafficLight_meinNeusterStand_2\Debug\Obj
[2] = dl7M_tln.a
[3] = dlpp7M_tl_nc.a
[4] = dlpprt7M_tl_nc.a
[5] = m7M_tls.a
[6] = rt7M_tl.a
[7] = shb_l.a

   5'257 bytes of readonly  code memory
     599 bytes of readonly  data memory
  17'213 bytes of readwrite data memory

Errors: none
Warnings: none
